Archive member included because of file (symbol)

c:/hightec/toolchains/tricore/v4.9.3.0-infineon-1.0/bin/../lib/gcc/tricore/4.9.4/tc161/short-double\libgcc.a(memcpy.o)
                              src/Sensors/ToF.o (memcpy)
c:/hightec/toolchains/tricore/v4.9.3.0-infineon-1.0/bin/../lib/gcc/tricore/4.9.4/tc161/short-double\libgcc.a(memset.o)
                              src/Drivers/asclin.o (memset)
c:/hightec/toolchains/tricore/v4.9.3.0-infineon-1.0/bin/../lib/gcc/tricore/4.9.4/../../../../tricore/lib/tc161/short-double\libc.a(lib_a-atoi.o)
                              src/Drivers/asclin.o (atoi)
c:/hightec/toolchains/tricore/v4.9.3.0-infineon-1.0/bin/../lib/gcc/tricore/4.9.4/../../../../tricore/lib/tc161/short-double\libc.a(lib_a-sprintf.o)
                              src/Sensors/Bluetooth.o (sprintf)
c:/hightec/toolchains/tricore/v4.9.3.0-infineon-1.0/bin/../lib/gcc/tricore/4.9.4/../../../../tricore/lib/tc161/short-double\libc.a(lib_a-strchr.o)
                              src/Drivers/asclin.o (strchr)
c:/hightec/toolchains/tricore/v4.9.3.0-infineon-1.0/bin/../lib/gcc/tricore/4.9.4/../../../../tricore/lib/tc161/short-double\libc.a(lib_a-strcmp.o)
                              src/Sensors/Bluetooth.o (strcmp)
c:/hightec/toolchains/tricore/v4.9.3.0-infineon-1.0/bin/../lib/gcc/tricore/4.9.4/../../../../tricore/lib/tc161/short-double\libc.a(lib_a-strcpy.o)
                              src/Drivers/asclin.o (strcpy)
c:/hightec/toolchains/tricore/v4.9.3.0-infineon-1.0/bin/../lib/gcc/tricore/4.9.4/../../../../tricore/lib/tc161/short-double\libc.a(lib_a-strlen.o)
                              src/Drivers/asclin.o (strlen)
c:/hightec/toolchains/tricore/v4.9.3.0-infineon-1.0/bin/../lib/gcc/tricore/4.9.4/../../../../tricore/lib/tc161/short-double\libc.a(lib_a-strtol.o)
                              c:/hightec/toolchains/tricore/v4.9.3.0-infineon-1.0/bin/../lib/gcc/tricore/4.9.4/../../../../tricore/lib/tc161/short-double\libc.a(lib_a-atoi.o) (_strtol_r)
c:/hightec/toolchains/tricore/v4.9.3.0-infineon-1.0/bin/../lib/gcc/tricore/4.9.4/../../../../tricore/lib/tc161/short-double\libc.a(lib_a-svfprintf.o)
                              c:/hightec/toolchains/tricore/v4.9.3.0-infineon-1.0/bin/../lib/gcc/tricore/4.9.4/../../../../tricore/lib/tc161/short-double\libc.a(lib_a-sprintf.o) (_svfprintf_r)
c:/hightec/toolchains/tricore/v4.9.3.0-infineon-1.0/bin/../lib/gcc/tricore/4.9.4/../../../../tricore/lib/tc161/short-double\libc.a(lib_a-vsprintf.o)
                              src/Drivers/asclin.o (vsprintf)
c:/hightec/toolchains/tricore/v4.9.3.0-infineon-1.0/bin/../lib/gcc/tricore/4.9.4/../../../../tricore/lib/tc161/short-double\libc.a(lib_a-ctype_.o)
                              c:/hightec/toolchains/tricore/v4.9.3.0-infineon-1.0/bin/../lib/gcc/tricore/4.9.4/../../../../tricore/lib/tc161/short-double\libc.a(lib_a-strtol.o) (__ctype_ptr__)
c:/hightec/toolchains/tricore/v4.9.3.0-infineon-1.0/bin/../lib/gcc/tricore/4.9.4/../../../../tricore/lib/tc161/short-double\libc.a(lib_a-dtoa.o)
                              c:/hightec/toolchains/tricore/v4.9.3.0-infineon-1.0/bin/../lib/gcc/tricore/4.9.4/../../../../tricore/lib/tc161/short-double\libc.a(lib_a-svfprintf.o) (_dtoa_r)
c:/hightec/toolchains/tricore/v4.9.3.0-infineon-1.0/bin/../lib/gcc/tricore/4.9.4/../../../../tricore/lib/tc161/short-double\libc.a(lib_a-impure.o)
                              c:/hightec/toolchains/tricore/v4.9.3.0-infineon-1.0/bin/../lib/gcc/tricore/4.9.4/../../../../tricore/lib/tc161/short-double\libc.a(lib_a-sprintf.o) (_impure_ptr)
c:/hightec/toolchains/tricore/v4.9.3.0-infineon-1.0/bin/../lib/gcc/tricore/4.9.4/../../../../tricore/lib/tc161/short-double\libc.a(lib_a-locale.o)
                              c:/hightec/toolchains/tricore/v4.9.3.0-infineon-1.0/bin/../lib/gcc/tricore/4.9.4/../../../../tricore/lib/tc161/short-double\libc.a(lib_a-svfprintf.o) (_localeconv_r)
c:/hightec/toolchains/tricore/v4.9.3.0-infineon-1.0/bin/../lib/gcc/tricore/4.9.4/../../../../tricore/lib/tc161/short-double\libc.a(lib_a-mallocr.o)
                              c:/hightec/toolchains/tricore/v4.9.3.0-infineon-1.0/bin/../lib/gcc/tricore/4.9.4/../../../../tricore/lib/tc161/short-double\libc.a(lib_a-svfprintf.o) (_malloc_r)
c:/hightec/toolchains/tricore/v4.9.3.0-infineon-1.0/bin/../lib/gcc/tricore/4.9.4/../../../../tricore/lib/tc161/short-double\libc.a(lib_a-memchr.o)
                              c:/hightec/toolchains/tricore/v4.9.3.0-infineon-1.0/bin/../lib/gcc/tricore/4.9.4/../../../../tricore/lib/tc161/short-double\libc.a(lib_a-svfprintf.o) (memchr)
c:/hightec/toolchains/tricore/v4.9.3.0-infineon-1.0/bin/../lib/gcc/tricore/4.9.4/../../../../tricore/lib/tc161/short-double\libc.a(lib_a-mlock.o)
                              c:/hightec/toolchains/tricore/v4.9.3.0-infineon-1.0/bin/../lib/gcc/tricore/4.9.4/../../../../tricore/lib/tc161/short-double\libc.a(lib_a-mallocr.o) (__malloc_lock)
[...]
Memory Configuration

Name             Origin             Length             Used               Free               Attributes
PMU_PFLASH0      0x0000000080000000 0x0000000000200000         0x000000000000ae14         0x00000000001f51ec xr !p
PMU_PFLASH1      0x0000000080200000 0x0000000000200000         0x0000000000000000         0x0000000000200000 xr !p
PMU_DFLASH0      0x00000000af000000 0x0000000000100000         0x0000000000000000         0x0000000000100000 r !xp
PMU_DFLASH0_1    0x00000000af100000 0x0000000000004000         0x0000000000000000         0x0000000000004000 r !xp
PMU_DFLASH1      0x00000000af110000 0x0000000000010000         0x0000000000000000         0x0000000000010000 r !xp
BROM             0x000000008fff8000 0x0000000000008000         0x0000000000000000         0x0000000000008000 xr !p
PMI_PSPR         0x00000000c0000000 0x0000000000006000         0x0000000000000000         0x0000000000006000 xw !p
DMI_DSPR         0x00000000d0000000 0x000000000001c000         0x00000000000111c0         0x000000000000ae40 w !xp
LMU_SRAM         0x0000000090000000 0x0000000000008000         0x0000000000000000         0x0000000000008000 w !xp
*default*        0x0000000000000000 0xffffffffffffffff         0x0000000000000053         0xffffffffffffffac

Linker script and memory map

LOAD c:/hightec/toolchains/tricore/v4.9.3.0-infineon-1.0/bin/../lib/gcc/tricore/4.9.4/tc161/short-double/crti.o
LOAD c:/hightec/toolchains/tricore/v4.9.3.0-infineon-1.0/bin/../lib/gcc/tricore/4.9.4/tc161/short-double/crtbegin.o
LOAD c:/hightec/toolchains/tricore/v4.9.3.0-infineon-1.0/bin/../lib/gcc/tricore/4.9.4/crt0-tc27xx.o
LOAD src/Drivers/asclin.o
LOAD src/Drivers/can.o
LOAD src/Drivers/gpt12.o
LOAD src/Drivers/vadc.o
LOAD src/Sensors/Bluetooth.o
LOAD src/Sensors/Buzzer.o
LOAD src/Sensors/GPIO.o
LOAD src/Sensors/Motor.o
LOAD src/Sensors/ToF.o
LOAD src/Sensors/Ultrasonic.o
LOAD src/interrupts.o
LOAD src/main.o
LOAD src/system_tc27x.o
LOAD c:/hightec/toolchains/tricore/v4.9.3.0-infineon-1.0/bin/../lib/gcc/tricore/4.9.4/tc161/short-double\libgcc.a
LOAD c:/hightec/toolchains/tricore/v4.9.3.0-infineon-1.0/bin/../lib/gcc/tricore/4.9.4/../../../../tricore/lib/tc161/short-double\libc.a
LOAD c:/hightec/toolchains/tricore/v4.9.3.0-infineon-1.0/bin/../lib/gcc/tricore/4.9.4/../../../../tricore/lib/tc161/short-double\libos.a
LOAD c:/hightec/toolchains/tricore/v4.9.3.0-infineon-1.0/bin/../lib/gcc/tricore/4.9.4/../../../../tricore/lib/tc161/short-double\libm.a
LOAD c:/hightec/toolchains/tricore/v4.9.3.0-infineon-1.0/bin/../lib/gcc/tricore/4.9.4/../../../../tricore/lib/tc161/short-double\libc.a
LOAD c:/hightec/toolchains/tricore/v4.9.3.0-infineon-1.0/bin/../lib/gcc/tricore/4.9.4/tc161/short-double\libgcc.a
LOAD c:/hightec/toolchains/tricore/v4.9.3.0-infineon-1.0/bin/../lib/gcc/tricore/4.9.4/tc161/short-double/crtend.o
LOAD c:/hightec/toolchains/tricore/v4.9.3.0-infineon-1.0/bin/../lib/gcc/tricore/4.9.4/tc161/short-double/crtn.o
                0x0000000080000000                __PMU_PFLASH0_BEGIN = 0x80000000
                0x0000000000200000                __PMU_PFLASH0_SIZE = 0x200000
                0x0000000080200000                __PMU_PFLASH1_BEGIN = 0x80200000
                0x0000000000200000                __PMU_PFLASH1_SIZE = 0x200000
                0x00000000af000000                __PMU_DFLASH0_BEGIN = 0xaf000000
                0x0000000000100000                __PMU_DFLASH0_SIZE = 0x100000
                0x00000000af100000                __PMU_DFLASH0_1_BEGIN = 0xaf100000
                0x0000000000004000                __PMU_DFLASH0_1_SIZE = 0x4000
                0x00000000af110000                __PMU_DFLASH1_BEGIN = 0xaf110000
                0x0000000000010000                __PMU_DFLASH1_SIZE = 0x10000
                0x000000008fff8000                __BROM_BEGIN = 0x8fff8000
                0x0000000000008000                __BROM_SIZE = 0x8000
                0x00000000c0000000                __PMI_PSPR_BEGIN = 0xc0000000
                0x0000000000006000                __PMI_PSPR_SIZE = 0x6000
                0x00000000d0000000                __DMI_DSPR_BEGIN = 0xd0000000
                0x000000000001c000                __DMI_DSPR_SIZE = 0x1c000
                0x0000000090000000                __LMU_SRAM_BEGIN = 0x90000000
                0x0000000000008000                __LMU_SRAM_SIZE = 0x8000
                [0x0000000000001000]                __USTACK_SIZE = DEFINED (__USTACK_SIZE)?__USTACK_SIZE:0x1000
                [0x0000000000000400]                __ISTACK_SIZE = DEFINED (__ISTACK_SIZE)?__ISTACK_SIZE:0x400
                [0x0000000000001000]                __HEAP_SIZE = DEFINED (__HEAP_SIZE)?__HEAP_SIZE:0x1000
                [0x0000000000004000]                __CSA_SIZE = DEFINED (__CSA_SIZE)?__CSA_SIZE:0x4000

.startup_code   memory region -> PMU_PFLASH0
                0x0000000080000000      0x400
                0x0000000080000000                PROVIDE (__startup_code_start, .)
 *(.startup_code)
 .startup_code  0x0000000080000000      0x400 c:/hightec/toolchains/tricore/v4.9.3.0-infineon-1.0/bin/../lib/gcc/tricore/4.9.4/crt0-tc27xx.o
                0x0000000080000020                _start
                0x00000000800001be                __init_csa
                0x0000000080000232                __clear_table_func
                0x0000000080000286                __copy_table_func
                0x0000000080000300                first_trap_table
 *(.startup_code*)
                0x0000000080000400                PROVIDE (__startup_code_end, .)
                0x0000000080000400                . = ALIGN (0x8)

.text           memory region -> PMU_PFLASH0
                0x0000000080000400     0x7160
                0x0000000080000400                PROVIDE (__text_start, .)
 *(.text)
 .text          0x0000000080000400     0x12f8 src/Drivers/asclin.o
                0x0000000080000400                _init_uart3
                0x0000000080000554                _out_uart3
                0x000000008000059c                _in_uart3
                0x00000000800005b8                _poll_uart3
                0x0000000080000710                usr_vsprintf
                0x0000000080000da8                usr_sprintf
                0x0000000080000dd8                my_puts
                0x0000000080000e32                my_printf
                0x0000000080000f50                my_scanf
                0x00000000800011d8                remove_null
                0x0000000080001296                _init_uart1
                0x00000000800013fe                _in_uart1
                0x000000008000141a                _poll_uart1
                0x00000000800014b4                _init_uart0
                0x00000000800015f6                _in_uart0
                0x0000000080001612                _poll_uart0
                0x00000000800016b0                _out_uart0
 .text          0x00000000800016f8      0x4ac src/Drivers/gpt12.o
                0x00000000800016f8                getLeftMotorDuty
                0x000000008000170a                getRightMotorDuty
                0x000000008000171c                setLeftMotorDuty
                0x0000000080001744                setRightMotorDuty
                0x000000008000176c                getcntDelay
                0x000000008000177e                setcntDelay
                0x0000000080001798                IsrGpt2T6Handler
                0x000000008000187e                init_gpt1
                0x00000000800019ae                init_gpt2
                0x0000000080001a90                runGpt12_T3
                0x0000000080001aaa                stopGpt12_T3
                0x0000000080001ac4                runGpt12_T6
                0x0000000080001ade                stopGpt12_T6
                0x0000000080001af8                runGpt12_T4
                0x0000000080001b12                stopGpt12_T4
                0x0000000080001b2c                setGpt12_T4
                0x0000000080001b4a                getGpt12_T4
                0x0000000080001b5c                delay_ms
 .text          0x0000000080001ba4      0x3be src/Sensors/Bluetooth.o
                0x0000000080001ba4                Init_Bluetooth
                0x0000000080001bac                setBluetoothName
                0x0000000080001cce                setBluetoothPswd
                0x0000000080001df0                getBluetoothByte_Blocked
                0x0000000080001e00                getBluetoothByte_nonBlocked
                0x0000000080001e2e                setBluetoothByte_Blocked
                0x0000000080001e44                bl_printf
 .text          0x0000000080001f62      0x172 src/Sensors/Buzzer.o
                0x0000000080001f62                Init_Buzzer
                0x0000000080001f88                setBeepCycle
                0x0000000080001fa2                Beep
                0x0000000080002016                IsrGpt120T3Handler_Beep
 .text          0x00000000800020d4      0x2c4 src/Sensors/Motor.o
                0x00000000800020d4                Init_DCMotors
                0x00000000800021ec                movChA
                0x000000008000224e                movChB
                0x00000000800022b0                stopChA
                0x00000000800022c8                stopChB
                0x00000000800022e0                movChA_PWM
                0x000000008000233c                movChB_PWM
 .text          0x0000000080002398      0x238 src/Sensors/ToF.o
                0x0000000080002398                Init_ToF
                0x00000000800023a0                IsrUart1RxHandler_tof
                0x0000000080002532                getTofDistance
 .text          0x00000000800025d0      0x5e4 src/Sensors/Ultrasonic.o
                0x00000000800025d0                Init_Ultrasonics
                0x0000000080002668                ReadRearUltrasonic_noFilt
                0x0000000080002738                ReadRearUltrasonic_Filt
                0x000000008000282c                ReadLeftUltrasonic_noFilt
                0x00000000800028fc                ReadLeftUltrasonic_Filt
                0x00000000800029f0                ReadRightUltrasonic_noFilt
                0x0000000080002ac0                ReadRightUltrasonic_Filt
 .text          0x0000000080002bb4       0xb8 src/interrupts.o
                0x0000000080002bb4                InterruptInit
                0x0000000080002bc0                InterruptInstall
 .text          0x0000000080002c6c      0x98c src/main.o
                0x0000000080002c6c                push
                0x0000000080002cce                pop
                0x0000000080002d34                main
 .text          0x00000000800035f8      0x79e src/system_tc27x.o
                0x00000000800038d2                SYSTEM_Init
                0x00000000800038e2                SYSTEM_GetExtClock
                0x0000000080003a1e                SYSTEM_GetCpuClock
                0x0000000080003af0                SYSTEM_GetSysClock
                0x0000000080003b2e                SYSTEM_GetStmClock
                0x0000000080003b6c                SYSTEM_GetCanClock
                0x0000000080003baa                SYSTEM_EnableInterrupts
                0x0000000080003bb2                SYSTEM_DisableInterrupts
                0x0000000080003bba                SYSTEM_EnableProtection
                0x0000000080003bc2                SYSTEM_DisableProtection
                0x0000000080003bca                SYSTEM_EnableProtectionExt
                0x0000000080003be6                SYSTEM_DisableProtectionExt
                0x0000000080003c02                SYSTEM_EnableSecProtection
                0x0000000080003c0a                SYSTEM_DisableSecProtection
                0x0000000080003c12                SYSTEM_Reset
                0x0000000080003c34                SYSTEM_IdleExt
                0x0000000080003c90                SYSTEM_Idle
                0x0000000080003cae                SYSTEM_Sleep
                0x0000000080003d14                SYSTEM_IsCacheEnabled
                0x0000000080003d5a                SYSTEM_EnaDisCache
                0x0000000080003d92                SYSTEM_DbgBreak
 .text          0x0000000080003d96       0x1c c:/hightec/toolchains/tricore/v4.9.3.0-infineon-1.0/bin/../lib/gcc/tricore/4.9.4/../../../../tricore/lib/tc161/short-double\libos.a(int1.o)
                0x0000000080003d96                __interrupt_1
 .text          0x0000000080003db2       0x2a c:/hightec/toolchains/tricore/v4.9.3.0-infineon-1.0/bin/../lib/gcc/tricore/4.9.4/../../../../tricore/lib/tc161/short-double\libos.a(trap6.o)
                0x0000000080003db2                __trap_6
 *(.text*)
 .text.deregister_tm_clones
                0x0000000080003ddc       0x28 c:/hightec/toolchains/tricore/v4.9.3.0-infineon-1.0/bin/../lib/gcc/tricore/4.9.4/tc161/short-double/crtbegin.o
 .text.register_tm_clones
                0x0000000080003e04       0x2c c:/hightec/toolchains/tricore/v4.9.3.0-infineon-1.0/bin/../lib/gcc/tricore/4.9.4/tc161/short-double/crtbegin.o
 .text.__do_global_dtors_aux
                0x0000000080003e30       0x4c c:/hightec/toolchains/tricore/v4.9.3.0-infineon-1.0/bin/../lib/gcc/tricore/4.9.4/tc161/short-double/crtbegin.o
 .text.frame_dummy
                0x0000000080003e7c       0x1e c:/hightec/toolchains/tricore/v4.9.3.0-infineon-1.0/bin/../lib/gcc/tricore/4.9.4/tc161/short-double/crtbegin.o
 .text.libgcc   0x0000000080003e9a       0x10 c:/hightec/toolchains/tricore/v4.9.3.0-infineon-1.0/bin/../lib/gcc/tricore/4.9.4/tc161/short-double\libgcc.a(memcpy.o)
                0x0000000080003e9a                memcpy
 .text.libgcc   0x0000000080003eaa        0xe c:/hightec/toolchains/tricore/v4.9.3.0-infineon-1.0/bin/../lib/gcc/tricore/4.9.4/tc161/short-double\libgcc.a(memset.o)
                0x0000000080003eaa                memset
 .text.atoi     0x0000000080003eb8        0xa c:/hightec/toolchains/tricore/v4.9.3.0-infineon-1.0/bin/../lib/gcc/tricore/4.9.4/../../../../tricore/lib/tc161/short-double\libc.a(lib_a-atoi.o)
                0x0000000080003eb8                atoi
 .text.sprintf  0x0000000080003ec2       0x36 c:/hightec/toolchains/tricore/v4.9.3.0-infineon-1.0/bin/../lib/gcc/tricore/4.9.4/../../../../tricore/lib/tc161/short-double\libc.a(lib_a-sprintf.o)
                0x0000000080003ec2                sprintf
 .text.strchr   0x0000000080003ef8       0x1c c:/hightec/toolchains/tricore/v4.9.3.0-infineon-1.0/bin/../lib/gcc/tricore/4.9.4/../../../../tricore/lib/tc161/short-double\libc.a(lib_a-strchr.o)
                0x0000000080003ef8                strchr
 .text.strcmp   0x0000000080003f14       0x1c c:/hightec/toolchains/tricore/v4.9.3.0-infineon-1.0/bin/../lib/gcc/tricore/4.9.4/../../../../tricore/lib/tc161/short-double\libc.a(lib_a-strcmp.o)
                0x0000000080003f14                strcmp
 .text.strcpy   0x0000000080003f30       0x12 c:/hightec/toolchains/tricore/v4.9.3.0-infineon-1.0/bin/../lib/gcc/tricore/4.9.4/../../../../tricore/lib/tc161/short-double\libc.a(lib_a-strcpy.o)
                0x0000000080003f30                strcpy
 .text.strlen   0x0000000080003f42       0x14 c:/hightec/toolchains/tricore/v4.9.3.0-infineon-1.0/bin/../lib/gcc/tricore/4.9.4/../../../../tricore/lib/tc161/short-double\libc.a(lib_a-strlen.o)
                0x0000000080003f42                strlen
 .text._strtol_r
                0x0000000080003f56      0x106 c:/hightec/toolchains/tricore/v4.9.3.0-infineon-1.0/bin/../lib/gcc/tricore/4.9.4/../../../../tricore/lib/tc161/short-double\libc.a(lib_a-strtol.o)
                0x0000000080003f56                _strtol_r
 .text.strtol   0x000000008000405c       0x12 c:/hightec/toolchains/tricore/v4.9.3.0-infineon-1.0/bin/../lib/gcc/tricore/4.9.4/../../../../tricore/lib/tc161/short-double\libc.a(lib_a-strtol.o)
                0x000000008000405c                strtol
 *fill*         0x000000008000406e        0x2 00
 .text._svfprintf_r
                0x0000000080004070     0x1160 c:/hightec/toolchains/tricore/v4.9.3.0-infineon-1.0/bin/../lib/gcc/tricore/4.9.4/../../../../tricore/lib/tc161/short-double\libc.a(lib_a-svfprintf.o)
                0x0000000080004070                _svfprintf_r
 .text._vsprintf_r
                0x00000000800051d0       0x28 c:/hightec/toolchains/tricore/v4.9.3.0-infineon-1.0/bin/../lib/gcc/tricore/4.9.4/../../../../tricore/lib/tc161/short-double\libc.a(lib_a-vsprintf.o)
                0x00000000800051d0                _vsprintf_r
 .text.vsprintf
                0x00000000800051f8       0x16 c:/hightec/toolchains/tricore/v4.9.3.0-infineon-1.0/bin/../lib/gcc/tricore/4.9.4/../../../../tricore/lib/tc161/short-double\libc.a(lib_a-vsprintf.o)
                0x00000000800051f8                vsprintf
 .text.quorem   0x000000008000520e      0x11a c:/hightec/toolchains/tricore/v4.9.3.0-infineon-1.0/bin/../lib/gcc/tricore/4.9.4/../../../../tricore/lib/tc161/short-double\libc.a(lib_a-dtoa.o)
 .text._dtoa_r  0x0000000080005328      0xa38 c:/hightec/toolchains/tricore/v4.9.3.0-infineon-1.0/bin/../lib/gcc/tricore/4.9.4/../../../../tricore/lib/tc161/short-double\libc.a(lib_a-dtoa.o)
                0x0000000080005328                _dtoa_r
 .text._localeconv_r
                0x0000000080005d60        0xa c:/hightec/toolchains/tricore/v4.9.3.0-infineon-1.0/bin/../lib/gcc/tricore/4.9.4/../../../../tricore/lib/tc161/short-double\libc.a(lib_a-locale.o)
                0x0000000080005d60                _localeconv_r
 .text._malloc_r
                0x0000000080005d6a      0x49a c:/hightec/toolchains/tricore/v4.9.3.0-infineon-1.0/bin/../lib/gcc/tricore/4.9.4/../../../../tricore/lib/tc161/short-double\libc.a(lib_a-mallocr.o)
                0x0000000080005d6a                _malloc_r
 .text.memchr   0x0000000080006204       0x18 c:/hightec/toolchains/tricore/v4.9.3.0-infineon-1.0/bin/../lib/gcc/tricore/4.9.4/../../../../tricore/lib/tc161/short-double\libc.a(lib_a-memchr.o)
                0x0000000080006204                memchr
 .text.__malloc_lock
                0x000000008000621c        0x2 c:/hightec/toolchains/tricore/v4.9.3.0-infineon-1.0/bin/../lib/gcc/tricore/4.9.4/../../../../tricore/lib/tc161/short-double\libc.a(lib_a-mlock.o)
                0x000000008000621c                __malloc_lock
 .text.__malloc_unlock
                0x000000008000621e        0x2 c:/hightec/toolchains/tricore/v4.9.3.0-infineon-1.0/bin/../lib/gcc/tricore/4.9.4/../../../../tricore/lib/tc161/short-double\libc.a(lib_a-mlock.o)
                0x000000008000621e                __malloc_unlock
 .text._Balloc  0x0000000080006220       0x56 c:/hightec/toolchains/tricore/v4.9.3.0-infineon-1.0/bin/../lib/gcc/tricore/4.9.4/../../../../tricore/lib/tc161/short-double\libc.a(lib_a-mprec.o)
                0x0000000080006220                _Balloc
 .text._Bfree   0x0000000080006276       0x12 c:/hightec/toolchains/tricore/v4.9.3.0-infineon-1.0/bin/../lib/gcc/tricore/4.9.4/../../../../tricore/lib/tc161/short-double\libc.a(lib_a-mprec.o)
                0x0000000080006276                _Bfree
 .text.__multadd
                0x0000000080006288       0x82 c:/hightec/toolchains/tricore/v4.9.3.0-infineon-1.0/bin/../lib/gcc/tricore/4.9.4/../../../../tricore/lib/tc161/short-double\libc.a(lib_a-mprec.o)
                0x0000000080006288                __multadd
 .text.__hi0bits
                0x000000008000630a       0x42 c:/hightec/toolchains/tricore/v4.9.3.0-infineon-1.0/bin/../lib/gcc/tricore/4.9.4/../../../../tricore/lib/tc161/short-double\libc.a(lib_a-mprec.o)
                0x000000008000630a                __hi0bits
 .text.__lo0bits
                0x000000008000634c       0x66 c:/hightec/toolchains/tricore/v4.9.3.0-infineon-1.0/bin/../lib/gcc/tricore/4.9.4/../../../../tricore/lib/tc161/short-double\libc.a(lib_a-mprec.o)
                0x000000008000634c                __lo0bits
 .text.__i2b    0x00000000800063b2       0x10 c:/hightec/toolchains/tricore/v4.9.3.0-infineon-1.0/bin/../lib/gcc/tricore/4.9.4/../../../../tricore/lib/tc161/short-double\libc.a(lib_a-mprec.o)
                0x00000000800063b2                __i2b
 .text.__multiply
                0x00000000800063c2      0x11a c:/hightec/toolchains/tricore/v4.9.3.0-infineon-1.0/bin/../lib/gcc/tricore/4.9.4/../../../../tricore/lib/tc161/short-double\libc.a(lib_a-mprec.o)
                0x00000000800063c2                __multiply
 .text.__pow5mult
                0x00000000800064dc       0x7c c:/hightec/toolchains/tricore/v4.9.3.0-infineon-1.0/bin/../lib/gcc/tricore/4.9.4/../../../../tricore/lib/tc161/short-double\libc.a(lib_a-mprec.o)
                0x00000000800064dc                __pow5mult
 .text.__lshift
                0x0000000080006558       0xba c:/hightec/toolchains/tricore/v4.9.3.0-infineon-1.0/bin/../lib/gcc/tricore/4.9.4/../../../../tricore/lib/tc161/short-double\libc.a(lib_a-mprec.o)
                0x0000000080006558                __lshift
 .text.__mcmp   0x0000000080006612       0x42 c:/hightec/toolchains/tricore/v4.9.3.0-infineon-1.0/bin/../lib/gcc/tricore/4.9.4/../../../../tricore/lib/tc161/short-double\libc.a(lib_a-mprec.o)
                0x0000000080006612                __mcmp
 .text.__mdiff  0x0000000080006654       0xca c:/hightec/toolchains/tricore/v4.9.3.0-infineon-1.0/bin/../lib/gcc/tricore/4.9.4/../../../../tricore/lib/tc161/short-double\libc.a(lib_a-mprec.o)
                0x0000000080006654                __mdiff
 .text.__d2b    0x000000008000671e       0x56 c:/hightec/toolchains/tricore/v4.9.3.0-infineon-1.0/bin/../lib/gcc/tricore/4.9.4/../../../../tricore/lib/tc161/short-double\libc.a(lib_a-mprec.o)
                0x000000008000671e                __d2b
 .text._sbrk_r  0x0000000080006774       0x1e c:/hightec/toolchains/tricore/v4.9.3.0-infineon-1.0/bin/../lib/gcc/tricore/4.9.4/../../../../tricore/lib/tc161/short-double\libc.a(lib_a-sbrkr.o)
                0x0000000080006774                _sbrk_r
 .text.__fpclassifyf
                0x0000000080006792       0x32 c:/hightec/toolchains/tricore/v4.9.3.0-infineon-1.0/bin/../lib/gcc/tricore/4.9.4/../../../../tricore/lib/tc161/short-double\libc.a(lib_a-sf_fpclassify.o)
                0x0000000080006792                __fpclassifyf
 .text.__ssprint_r
                0x00000000800067c4       0xf0 c:/hightec/toolchains/tricore/v4.9.3.0-infineon-1.0/bin/../lib/gcc/tricore/4.9.4/../../../../tricore/lib/tc161/short-double\libc.a(lib_a-svfiprintf.o)
                0x00000000800067c4                __ssprint_r
 .text._calloc_r
                0x00000000800068b4       0x62 c:/hightec/toolchains/tricore/v4.9.3.0-infineon-1.0/bin/../lib/gcc/tricore/4.9.4/../../../../tricore/lib/tc161/short-double\libc.a(lib_a-callocr.o)
                0x00000000800068b4                _calloc_r
 .text._malloc_trim_r
                0x0000000080006916       0xba c:/hightec/toolchains/tricore/v4.9.3.0-infineon-1.0/bin/../lib/gcc/tricore/4.9.4/../../../../tricore/lib/tc161/short-double\libc.a(lib_a-freer.o)
                0x0000000080006916                _malloc_trim_r
 .text._free_r  0x00000000800069d0      0x1ac c:/hightec/toolchains/tricore/v4.9.3.0-infineon-1.0/bin/../lib/gcc/tricore/4.9.4/../../../../tricore/lib/tc161/short-double\libc.a(lib_a-freer.o)
                0x00000000800069d0                _free_r
 .text.memmove  0x0000000080006b7c       0x50 c:/hightec/toolchains/tricore/v4.9.3.0-infineon-1.0/bin/../lib/gcc/tricore/4.9.4/../../../../tricore/lib/tc161/short-double\libc.a(lib_a-memmove.o)
                0x0000000080006b7c                memmove
 .text._realloc_r
                0x0000000080006bcc      0x3f0 c:/hightec/toolchains/tricore/v4.9.3.0-infineon-1.0/bin/../lib/gcc/tricore/4.9.4/../../../../tricore/lib/tc161/short-double\libc.a(lib_a-reallocr.o)
                0x0000000080006bcc                _realloc_r
 .text.__int_handler
                0x0000000080006fbc        0x2 c:/hightec/toolchains/tricore/v4.9.3.0-infineon-1.0/bin/../lib/gcc/tricore/4.9.4/../../../../tricore/lib/tc161/short-double\libos.a(cint.o)
                0x0000000080006fbc                __int_handler
 .text.__class_0_trap_handler
                0x0000000080006fbe        0xe c:/hightec/toolchains/tricore/v4.9.3.0-infineon-1.0/bin/../lib/gcc/tricore/4.9.4/../../../../tricore/lib/tc161/short-double\libos.a(cint.o)
 .text.tsim_abort
                0x0000000080006fcc       0x1a c:/hightec/toolchains/tricore/v4.9.3.0-infineon-1.0/bin/../lib/gcc/tricore/4.9.4/../../../../tricore/lib/tc161/short-double\libos.a(cint.o)
                0x0000000080006fcc                tsim_abort
 .text.__class_7_trap_handler
                0x0000000080006fe6        0xa c:/hightec/toolchains/tricore/v4.9.3.0-infineon-1.0/bin/../lib/gcc/tricore/4.9.4/../../../../tricore/lib/tc161/short-double\libos.a(cint.o)
 .text.__class_6_trap_handler
                0x0000000080006ff0        0xa c:/hightec/toolchains/tricore/v4.9.3.0-infineon-1.0/bin/../lib/gcc/tricore/4.9.4/../../../../tricore/lib/tc161/short-double\libos.a(cint.o)
 .text.__class_5_trap_handler
                0x0000000080006ffa        0xa c:/hightec/toolchains/tricore/v4.9.3.0-infineon-1.0/bin/../lib/gcc/tricore/4.9.4/../../../../tricore/lib/tc161/short-double\libos.a(cint.o)
 .text.__class_4_trap_handler
                0x0000000080007004        0xa c:/hightec/toolchains/tricore/v4.9.3.0-infineon-1.0/bin/../lib/gcc/tricore/4.9.4/../../../../tricore/lib/tc161/short-double\libos.a(cint.o)
 .text.__class_3_trap_handler
                0x000000008000700e        0xa c:/hightec/toolchains/tricore/v4.9.3.0-infineon-1.0/bin/../lib/gcc/tricore/4.9.4/../../../../tricore/lib/tc161/short-double\libos.a(cint.o)
 .text.__class_2_trap_handler
                0x0000000080007018        0xa c:/hightec/toolchains/tricore/v4.9.3.0-infineon-1.0/bin/../lib/gcc/tricore/4.9.4/../../../../tricore/lib/tc161/short-double\libos.a(cint.o)
 .text.__class_1_trap_handler
                0x0000000080007022        0xa c:/hightec/toolchains/tricore/v4.9.3.0-infineon-1.0/bin/../lib/gcc/tricore/4.9.4/../../../../tricore/lib/tc161/short-double\libos.a(cint.o)
 .text._install_int_handler
                0x000000008000702c       0x26 c:/hightec/toolchains/tricore/v4.9.3.0-infineon-1.0/bin/../lib/gcc/tricore/4.9.4/../../../../tricore/lib/tc161/short-double\libos.a(cint.o)
                0x000000008000702c                _install_int_handler
 .text._init_vectab
                0x0000000080007052       0xac c:/hightec/toolchains/tricore/v4.9.3.0-infineon-1.0/bin/../lib/gcc/tricore/4.9.4/../../../../tricore/lib/tc161/short-double\libos.a(cint.o)
                0x0000000080007052                _init_vectab
 .text.unlock_wdtcon
                0x00000000800070fe       0x2c c:/hightec/toolchains/tricore/v4.9.3.0-infineon-1.0/bin/../lib/gcc/tricore/4.9.4/../../../../tricore/lib/tc161/short-double\libos.a(wdtcon.o)
                0x00000000800070fe                unlock_wdtcon
 .text.lock_wdtcon
                0x000000008000712a       0x2c c:/hightec/toolchains/tricore/v4.9.3.0-infineon-1.0/bin/../lib/gcc/tricore/4.9.4/../../../../tricore/lib/tc161/short-double\libos.a(wdtcon.o)
                0x000000008000712a                lock_wdtcon
 .text.unlock_safety_wdtcon
                0x0000000080007156       0x20 c:/hightec/toolchains/tricore/v4.9.3.0-infineon-1.0/bin/../lib/gcc/tricore/4.9.4/../../../../tricore/lib/tc161/short-double\libos.a(wdtcon.o)
                0x0000000080007156                unlock_safety_wdtcon
 .text.lock_safety_wdtcon
                0x0000000080007176       0x20 c:/hightec/toolchains/tricore/v4.9.3.0-infineon-1.0/bin/../lib/gcc/tricore/4.9.4/../../../../tricore/lib/tc161/short-double\libos.a(wdtcon.o)
                0x0000000080007176                lock_safety_wdtcon
 .text._exit    0x0000000080007196       0x10 c:/hightec/toolchains/tricore/v4.9.3.0-infineon-1.0/bin/../lib/gcc/tricore/4.9.4/../../../../tricore/lib/tc161/short-double\libos.a(libos_exit.o)
                0x0000000080007196                _exit
 .text.sbrk     0x00000000800071a6       0x3c c:/hightec/toolchains/tricore/v4.9.3.0-infineon-1.0/bin/../lib/gcc/tricore/4.9.4/../../../../tricore/lib/tc161/short-double\libos.a(libos_sbrk.o)
                0x00000000800071a6                sbrk
 .text.__errno  0x00000000800071e2        0xa c:/hightec/toolchains/tricore/v4.9.3.0-infineon-1.0/bin/../lib/gcc/tricore/4.9.4/../../../../tricore/lib/tc161/short-double\libos.a(libos.o)
                0x00000000800071e2                __errno
 .text.abort    0x00000000800071ec       0x12 c:/hightec/toolchains/tricore/v4.9.3.0-infineon-1.0/bin/../lib/gcc/tricore/4.9.4/../../../../tricore/lib/tc161/short-double\libos.a(libos_abort.o)
                0x00000000800071ec                abort
 .text.__truncdfsf2
                0x00000000800071fe       0x3c c:/hightec/toolchains/tricore/v4.9.3.0-infineon-1.0/bin/../lib/gcc/tricore/4.9.4/tc161/short-double\libgcc.a(_df_to_sf.o)
                0x00000000800071fe                __truncdfsf2
 .text.__udivdi3
                0x000000008000723a       0xa0 c:/hightec/toolchains/tricore/v4.9.3.0-infineon-1.0/bin/../lib/gcc/tricore/4.9.4/tc161/short-double\libgcc.a(udivdi3.o)
                0x000000008000723a                __udivdi3
 .text.__umoddi3
                0x00000000800072da       0x26 c:/hightec/toolchains/tricore/v4.9.3.0-infineon-1.0/bin/../lib/gcc/tricore/4.9.4/tc161/short-double\libgcc.a(umoddi3.o)
                0x00000000800072da                __umoddi3
 .text.libgcc   0x0000000080007300       0x1a c:/hightec/toolchains/tricore/v4.9.3.0-infineon-1.0/bin/../lib/gcc/tricore/4.9.4/tc161/short-double\libgcc.a(_ashldi3.o)
                0x0000000080007300                __ashldi3
 .text.__make_fp
                0x000000008000731a       0x16 c:/hightec/toolchains/tricore/v4.9.3.0-infineon-1.0/bin/../lib/gcc/tricore/4.9.4/tc161/short-double\libgcc.a(_make_sf.o)
                0x000000008000731a                __make_fp
 .text.__unpack_d
                0x0000000080007330       0xac c:/hightec/toolchains/tricore/v4.9.3.0-infineon-1.0/bin/../lib/gcc/tricore/4.9.4/tc161/short-double\libgcc.a(_unpack_df.o)
                0x0000000080007330                __unpack_d
 .text.__udiv6432
                0x00000000800073dc       0x9c c:/hightec/toolchains/tricore/v4.9.3.0-infineon-1.0/bin/../lib/gcc/tricore/4.9.4/tc161/short-double\libgcc.a(udiv6432.o)
                0x00000000800073dc                __udiv6432
 .text.__pack_f
                0x0000000080007478       0xc6 c:/hightec/toolchains/tricore/v4.9.3.0-infineon-1.0/bin/../lib/gcc/tricore/4.9.4/tc161/short-double\libgcc.a(_pack_sf.o)
                0x0000000080007478                __pack_f
 .text.__do_global_ctors_aux
                0x000000008000753e       0x1e c:/hightec/toolchains/tricore/v4.9.3.0-infineon-1.0/bin/../lib/gcc/tricore/4.9.4/tc161/short-double/crtend.o
 *(.gnu.linkonce.t.*)
                0x000000008000755c                PROVIDE (__text_end, .)
                0x0000000080007560                . = ALIGN (0x8)
 *fill*         0x000000008000755c        0x4 00

.init           memory region -> PMU_PFLASH0
                0x0000000080007560       0x10
                0x0000000080007560                PROVIDE (__init_start, .)
 *(.init)
 .init          0x0000000080007560        0x0 c:/hightec/toolchains/tricore/v4.9.3.0-infineon-1.0/bin/../lib/gcc/tricore/4.9.4/tc161/short-double/crti.o
                0x0000000080007560                _init
 .init          0x0000000080007560        0x4 c:/hightec/toolchains/tricore/v4.9.3.0-infineon-1.0/bin/../lib/gcc/tricore/4.9.4/tc161/short-double/crtbegin.o
 .init          0x0000000080007564        0x4 c:/hightec/toolchains/tricore/v4.9.3.0-infineon-1.0/bin/../lib/gcc/tricore/4.9.4/tc161/short-double/crtend.o
 .init          0x0000000080007568        0x2 c:/hightec/toolchains/tricore/v4.9.3.0-infineon-1.0/bin/../lib/gcc/tricore/4.9.4/tc161/short-double/crtn.o
 *(.init*)
                0x000000008000756a                PROVIDE (__init_end, .)
                0x0000000080007570                . = ALIGN (0x8)
 *fill*         0x000000008000756a        0x6 00

.fini           memory region -> PMU_PFLASH0
                0x0000000080007570        0x8
                0x0000000080007570                PROVIDE (__fini_start, .)
 *(.fini)
 .fini          0x0000000080007570        0x0 c:/hightec/toolchains/tricore/v4.9.3.0-infineon-1.0/bin/../lib/gcc/tricore/4.9.4/tc161/short-double/crti.o
                0x0000000080007570                _fini
 .fini          0x0000000080007570        0x4 c:/hightec/toolchains/tricore/v4.9.3.0-infineon-1.0/bin/../lib/gcc/tricore/4.9.4/tc161/short-double/crtbegin.o
 .fini          0x0000000080007574        0x2 c:/hightec/toolchains/tricore/v4.9.3.0-infineon-1.0/bin/../lib/gcc/tricore/4.9.4/tc161/short-double/crtn.o
 *(.fini*)
                0x0000000080007576                PROVIDE (__fini_end, .)
                0x0000000080007578                . = ALIGN (0x8)
 *fill*         0x0000000080007576        0x2 00

.traptab        memory region -> PMU_PFLASH0
                0x0000000080007600      0x100
                0x0000000080007600                PROVIDE (__traptab_start, .)
 *(.traptab)
 .traptab       0x0000000080007600      0x100 c:/hightec/toolchains/tricore/v4.9.3.0-infineon-1.0/bin/../lib/gcc/tricore/4.9.4/../../../../tricore/lib/tc161/short-double\libos.a(ctraptab.o)
                0x0000000080007600                TriCore_trap_table
                0x0000000080007600                __trap_0
                0x0000000080007620                __trap_1
                0x0000000080007640                __trap_2
                0x0000000080007660                __trap_3
                0x0000000080007680                __trap_4
                0x00000000800076a0                __trap_5
                0x00000000800076c0                ___trap_6
                0x00000000800076e0                __trap_7
 *(.traptab*)
                0x0000000080007700                PROVIDE (__traptab_end, .)
                0x0000000080007700                . = ALIGN (0x8)

.inttab         memory region -> PMU_PFLASH0
                0x0000000080008000     0x2000
                0x0000000080008000                PROVIDE (__inttab_start, .)
 *(.inttab)
 .inttab        0x0000000080008000     0x2000 c:/hightec/toolchains/tricore/v4.9.3.0-infineon-1.0/bin/../lib/gcc/tricore/4.9.4/../../../../tricore/lib/tc161/short-double\libos.a(cinttab.o)
                0x0000000080008000                TriCore_int_table
                0x0000000080008020                ___interrupt_1
                0x0000000080008040                __interrupt_2
                0x0000000080008060                __interrupt_3
                0x0000000080008080                __interrupt_4
                0x00000000800080a0                __interrupt_5
                0x00000000800080c0                __interrupt_6
                0x00000000800080e0                __interrupt_7
                0x0000000080008100                __interrupt_8
                0x0000000080008120                __interrupt_9
                0x0000000080008140                __interrupt_10
                0x0000000080008160                __interrupt_11
                0x0000000080008180                __interrupt_12
                0x00000000800081a0                __interrupt_13
                0x00000000800081c0                __interrupt_14
                0x00000000800081e0                __interrupt_15
                0x0000000080008200                __interrupt_16
                0x0000000080008220                __interrupt_17
                0x0000000080008240                __interrupt_18
                0x0000000080008260                __interrupt_19
                0x0000000080008280                __interrupt_20
                0x00000000800082a0                __interrupt_21
                0x00000000800082c0                __interrupt_22
                0x00000000800082e0                __interrupt_23
                0x0000000080008300                __interrupt_24
                0x0000000080008320                __interrupt_25
                0x0000000080008340                __interrupt_26
                0x0000000080008360                __interrupt_27
                0x0000000080008380                __interrupt_28
                0x00000000800083a0                __interrupt_29
                0x00000000800083c0                __interrupt_30
                0x00000000800083e0                __interrupt_31
                0x0000000080008400                __interrupt_32
                0x0000000080008420                __interrupt_33
                0x0000000080008440                __interrupt_34
                0x0000000080008460                __interrupt_35
                0x0000000080008480                __interrupt_36
                0x00000000800084a0                __interrupt_37
                0x00000000800084c0                __interrupt_38
                0x00000000800084e0                __interrupt_39
                0x0000000080008500                __interrupt_40
                0x0000000080008520                __interrupt_41
                0x0000000080008540                __interrupt_42
                0x0000000080008560                __interrupt_43
                0x0000000080008580                __interrupt_44
                0x00000000800085a0                __interrupt_45
                0x00000000800085c0                __interrupt_46
                0x00000000800085e0                __interrupt_47
                0x0000000080008600                __interrupt_48
                0x0000000080008620                __interrupt_49
                0x0000000080008640                __interrupt_50
                0x0000000080008660                __interrupt_51
                0x0000000080008680                __interrupt_52
                0x00000000800086a0                __interrupt_53
                0x00000000800086c0                __interrupt_54
                0x00000000800086e0                __interrupt_55
                0x0000000080008700                __interrupt_56
                0x0000000080008720                __interrupt_57
                0x0000000080008740                __interrupt_58
                0x0000000080008760                __interrupt_59
                0x0000000080008780                __interrupt_60
                0x00000000800087a0                __interrupt_61
                0x00000000800087c0                __interrupt_62
                0x00000000800087e0                __interrupt_63
                0x0000000080008800                __interrupt_64
                0x0000000080008820                __interrupt_65
                0x0000000080008840                __interrupt_66
                0x0000000080008860                __interrupt_67
                0x0000000080008880                __interrupt_68
                0x00000000800088a0                __interrupt_69
                0x00000000800088c0                __interrupt_70
                0x00000000800088e0                __interrupt_71
                0x0000000080008900                __interrupt_72
                0x0000000080008920                __interrupt_73
                0x0000000080008940                __interrupt_74
                0x0000000080008960                __interrupt_75
                0x0000000080008980                __interrupt_76
                0x00000000800089a0                __interrupt_77
                0x00000000800089c0                __interrupt_78
                0x00000000800089e0                __interrupt_79
                0x0000000080008a00                __interrupt_80
                0x0000000080008a20                __interrupt_81
                0x0000000080008a40                __interrupt_82
                0x0000000080008a60                __interrupt_83
                0x0000000080008a80                __interrupt_84
                0x0000000080008aa0                __interrupt_85
                0x0000000080008ac0                __interrupt_86
                0x0000000080008ae0                __interrupt_87
                0x0000000080008b00                __interrupt_88
                0x0000000080008b20                __interrupt_89
                0x0000000080008b40                __interrupt_90
                0x0000000080008b60                __interrupt_91
                0x0000000080008b80                __interrupt_92
                0x0000000080008ba0                __interrupt_93
                0x0000000080008bc0                __interrupt_94
                0x0000000080008be0                __interrupt_95
                0x0000000080008c00                __interrupt_96
                0x0000000080008c20                __interrupt_97
                0x0000000080008c40                __interrupt_98
                0x0000000080008c60                __interrupt_99
                0x0000000080008c80                __interrupt_100
                0x0000000080008ca0                __interrupt_101
                0x0000000080008cc0                __interrupt_102
                0x0000000080008ce0                __interrupt_103
                0x0000000080008d00                __interrupt_104
                0x0000000080008d20                __interrupt_105
                0x0000000080008d40                __interrupt_106
                0x0000000080008d60                __interrupt_107
                0x0000000080008d80                __interrupt_108
                0x0000000080008da0                __interrupt_109
                0x0000000080008dc0                __interrupt_110
                0x0000000080008de0                __interrupt_111
                0x0000000080008e00                __interrupt_112
                0x0000000080008e20                __interrupt_113
                0x0000000080008e40                __interrupt_114
                0x0000000080008e60                __interrupt_115
                0x0000000080008e80                __interrupt_116
                0x0000000080008ea0                __interrupt_117
                0x0000000080008ec0                __interrupt_118
                0x0000000080008ee0                __interrupt_119
                0x0000000080008f00                __interrupt_120
                0x0000000080008f20                __interrupt_121
                0x0000000080008f40                __interrupt_122
                0x0000000080008f60                __interrupt_123
                0x0000000080008f80                __interrupt_124
                0x0000000080008fa0                __interrupt_125
                0x0000000080008fc0                __interrupt_126
                0x0000000080008fe0                __interrupt_127
                0x0000000080009000                __interrupt_128
                0x0000000080009020                __interrupt_129
                0x0000000080009040                __interrupt_130
                0x0000000080009060                __interrupt_131
                0x0000000080009080                __interrupt_132
                0x00000000800090a0                __interrupt_133
                0x00000000800090c0                __interrupt_134
                0x00000000800090e0                __interrupt_135
                0x0000000080009100                __interrupt_136
                0x0000000080009120                __interrupt_137
                0x0000000080009140                __interrupt_138
                0x0000000080009160                __interrupt_139
                0x0000000080009180                __interrupt_140
                0x00000000800091a0                __interrupt_141
                0x00000000800091c0                __interrupt_142
                0x00000000800091e0                __interrupt_143
                0x0000000080009200                __interrupt_144
                0x0000000080009220                __interrupt_145
                0x0000000080009240                __interrupt_146
                0x0000000080009260                __interrupt_147
                0x0000000080009280                __interrupt_148
                0x00000000800092a0                __interrupt_149
                0x00000000800092c0                __interrupt_150
                0x00000000800092e0                __interrupt_151
                0x0000000080009300                __interrupt_152
                0x0000000080009320                __interrupt_153
                0x0000000080009340                __interrupt_154
                0x0000000080009360                __interrupt_155
                0x0000000080009380                __interrupt_156
                0x00000000800093a0                __interrupt_157
                0x00000000800093c0                __interrupt_158
                0x00000000800093e0                __interrupt_159
                0x0000000080009400                __interrupt_160
                0x0000000080009420                __interrupt_161
                0x0000000080009440                __interrupt_162
                0x0000000080009460                __interrupt_163
                0x0000000080009480                __interrupt_164
                0x00000000800094a0                __interrupt_165
                0x00000000800094c0                __interrupt_166
                0x00000000800094e0                __interrupt_167
                0x0000000080009500                __interrupt_168
                0x0000000080009520                __interrupt_169
                0x0000000080009540                __interrupt_170
                0x0000000080009560                __interrupt_171
                0x0000000080009580                __interrupt_172
                0x00000000800095a0                __interrupt_173
                0x00000000800095c0                __interrupt_174
                0x00000000800095e0                __interrupt_175
                0x0000000080009600                __interrupt_176
                0x0000000080009620                __interrupt_177
                0x0000000080009640                __interrupt_178
                0x0000000080009660                __interrupt_179
                0x0000000080009680                __interrupt_180
                0x00000000800096a0                __interrupt_181
                0x00000000800096c0                __interrupt_182
                0x00000000800096e0                __interrupt_183
                0x0000000080009700                __interrupt_184
                0x0000000080009720                __interrupt_185
                0x0000000080009740                __interrupt_186
                0x0000000080009760                __interrupt_187
                0x0000000080009780                __interrupt_188
                0x00000000800097a0                __interrupt_189
                0x00000000800097c0                __interrupt_190
                0x00000000800097e0                __interrupt_191
                0x0000000080009800                __interrupt_192
                0x0000000080009820                __interrupt_193
                0x0000000080009840                __interrupt_194
                0x0000000080009860                __interrupt_195
                0x0000000080009880                __interrupt_196
                0x00000000800098a0                __interrupt_197
                0x00000000800098c0                __interrupt_198
                0x00000000800098e0                __interrupt_199
                0x0000000080009900                __interrupt_200
                0x0000000080009920                __interrupt_201
                0x0000000080009940                __interrupt_202
                0x0000000080009960                __interrupt_203
                0x0000000080009980                __interrupt_204
                0x00000000800099a0                __interrupt_205
                0x00000000800099c0                __interrupt_206
                0x00000000800099e0                __interrupt_207
                0x0000000080009a00                __interrupt_208
                0x0000000080009a20                __interrupt_209
                0x0000000080009a40                __interrupt_210
                0x0000000080009a60                __interrupt_211
                0x0000000080009a80                __interrupt_212
                0x0000000080009aa0                __interrupt_213
                0x0000000080009ac0                __interrupt_214
                0x0000000080009ae0                __interrupt_215
                0x0000000080009b00                __interrupt_216
                0x0000000080009b20                __interrupt_217
                0x0000000080009b40                __interrupt_218
                0x0000000080009b60                __interrupt_219
                0x0000000080009b80                __interrupt_220
                0x0000000080009ba0                __interrupt_221
                0x0000000080009bc0                __interrupt_222
                0x0000000080009be0                __interrupt_223
                0x0000000080009c00                __interrupt_224
                0x0000000080009c20                __interrupt_225
                0x0000000080009c40                __interrupt_226
                0x0000000080009c60                __interrupt_227
                0x0000000080009c80                __interrupt_228
                0x0000000080009ca0                __interrupt_229
                0x0000000080009cc0                __interrupt_230
                0x0000000080009ce0                __interrupt_231
                0x0000000080009d00                __interrupt_232
                0x0000000080009d20                __interrupt_233
                0x0000000080009d40                __interrupt_234
                0x0000000080009d60                __interrupt_235
                0x0000000080009d80                __interrupt_236
                0x0000000080009da0                __interrupt_237
                0x0000000080009dc0                __interrupt_238
                0x0000000080009de0                __interrupt_239
                0x0000000080009e00                __interrupt_240
                0x0000000080009e20                __interrupt_241
                0x0000000080009e40                __interrupt_242
                0x0000000080009e60                __interrupt_243
                0x0000000080009e80                __interrupt_244
                0x0000000080009ea0                __interrupt_245
                0x0000000080009ec0                __interrupt_246
                0x0000000080009ee0                __interrupt_247
                0x0000000080009f00                __interrupt_248
                0x0000000080009f20                __interrupt_249
                0x0000000080009f40                __interrupt_250
                0x0000000080009f60                __interrupt_251
                0x0000000080009f80                __interrupt_252
                0x0000000080009fa0                __interrupt_253
                0x0000000080009fc0                __interrupt_254
                0x0000000080009fe0                __interrupt_255
 *(.inttab*)
                0x000000008000a000                PROVIDE (__inttab_end, .)
                0x000000008000a000                . = ALIGN (0x8)

.eh_frame       memory region -> PMU_PFLASH0
                0x000000008000a000        0x0
                0x000000008000a000                PROVIDE (__eh_frame_start, .)
 *(.eh_frame)
 *(.eh_frame*)
                0x000000008000a000                PROVIDE (__eh_frame_end, .)
                0x000000008000a000                . = ALIGN (0x8)

.zdata          memory region -> DMI_DSPR
                0x00000000d0000000        0x0 load address 0x000000008000a000
                0x00000000d0000000                PROVIDE (__zdata_start, .)
 *(.zdata)
 *(.zdata*)
 *(.zdata.rodata)
 *(.zdata.rodata*)
 *(.zrodata)
 *(.zrodata*)
 *(.gnu.linkonce.z.*)
 *(.gnu.linkonce.zr.*)
                0x00000000d0000000                PROVIDE (__zdata_end, .)
                0x00000000d0000000                . = ALIGN (0x8)

.zbss           memory region -> DMI_DSPR
                0x00000000d0000000        0x0 load address 0x000000008000a000
                0x00000000d0000000                PROVIDE (__zbss_start, .)
 *(.zbss)
 *(.zbss*)
 *(.gnu.linkonce.zb.*)
                0x00000000d0000000                PROVIDE (__zbss_end, .)
                0x00000000d0000000                . = ALIGN (0x8)

.bbss           memory region -> DMI_DSPR
                0x00000000d0000000        0x0 load address 0x000000008000a000
                0x00000000d0000000                PROVIDE (__bbss_start, .)
 *(.bbss)
 *(.bbss*)
                0x00000000d0000000                PROVIDE (__bbss_end, .)
                0x00000000d0000000                . = ALIGN (0x8)

.bdata          memory region -> DMI_DSPR
                0x00000000d0000000        0x0 load address 0x000000008000a000
                0x00000000d0000000                PROVIDE (__bdata_start, .)
 *(.bdata)
 *(.bdata*)
                0x00000000d0000000                PROVIDE (__bdata_end, .)
                0x00000000d0000000                . = ALIGN (0x8)

.sdata2         memory region -> PMU_PFLASH0
                0x000000008000a000        0x0
                0x000000008000a000                PROVIDE (__sdata2_start, .)
 *(.sdata.rodata)
 *(.sdata.rodata*)
 *(.srodata)
 *(.srodata*)
 *(.gnu.linkonce.sr.*)
                0x000000008000a000                PROVIDE (__sdata2_end, .)
                0x000000008000a000                . = ALIGN (0x8)

.sdata          memory region -> DMI_DSPR
                0x00000000d0000000        0x0 load address 0x000000008000a000
                0x00000000d0000000                PROVIDE (__sdata_start, .)
 *(.sdata)
 *(.sdata*)
 *(.gnu.linkonce.s.*)
                0x00000000d0000000                PROVIDE (__sdata_end, .)
                0x00000000d0000000                . = ALIGN (0x8)

.sbss           memory region -> DMI_DSPR
                0x00000000d0000000        0x0 load address 0x000000008000a000
                0x00000000d0000000                PROVIDE (__sbss_start, .)
 *(.sbss)
 *(.sbss*)
 *(.gnu.linkonce.sb.*)
                0x00000000d0000000                PROVIDE (__sbss_end, .)
                0x00000000d0000000                . = ALIGN (0x8)

.rodata         memory region -> PMU_PFLASH0
                0x000000008000a000      0x530
                0x000000008000a000                PROVIDE (__rodata_start, .)
 *(.rodata)
 .rodata        0x000000008000a000       0x3c src/Drivers/asclin.o
 .rodata        0x000000008000a03c       0x9c src/Sensors/Bluetooth.o
 .rodata        0x000000008000a0d8       0x68 src/main.o
 .rodata        0x000000008000a140       0x3c src/system_tc27x.o
 .rodata        0x000000008000a17c       0x54 c:/hightec/toolchains/tricore/v4.9.3.0-infineon-1.0/bin/../lib/gcc/tricore/4.9.4/../../../../tricore/lib/tc161/short-double\libc.a(lib_a-svfprintf.o)
 .rodata        0x000000008000a1d0      0x281 c:/hightec/toolchains/tricore/v4.9.3.0-infineon-1.0/bin/../lib/gcc/tricore/4.9.4/../../../../tricore/lib/tc161/short-double\libc.a(lib_a-ctype_.o)
                0x000000008000a1d0                _ctype_
 .rodata        0x000000008000a451        0xf c:/hightec/toolchains/tricore/v4.9.3.0-infineon-1.0/bin/../lib/gcc/tricore/4.9.4/../../../../tricore/lib/tc161/short-double\libc.a(lib_a-dtoa.o)
 .rodata        0x000000008000a460        0x8 c:/hightec/toolchains/tricore/v4.9.3.0-infineon-1.0/bin/../lib/gcc/tricore/4.9.4/../../../../tricore/lib/tc161/short-double\libc.a(lib_a-impure.o)
                0x000000008000a460                _global_impure_ptr
 .rodata        0x000000008000a468       0x44 c:/hightec/toolchains/tricore/v4.9.3.0-infineon-1.0/bin/../lib/gcc/tricore/4.9.4/../../../../tricore/lib/tc161/short-double\libc.a(lib_a-locale.o)
 .rodata        0x000000008000a4ac       0x80 c:/hightec/toolchains/tricore/v4.9.3.0-infineon-1.0/bin/../lib/gcc/tricore/4.9.4/../../../../tricore/lib/tc161/short-double\libc.a(lib_a-mprec.o)
                0x000000008000a4b8                __mprec_tinytens
                0x000000008000a4c0                __mprec_bigtens
                0x000000008000a4c8                __mprec_tens
 *(.rodata*)
 *(.gnu.linkonce.r.*)
 *(.jcr.*)
                0x000000008000a52c                PROVIDE (__rodata_end, .)
                0x000000008000a530                . = ALIGN (0x8)
 *fill*         0x000000008000a52c        0x4 00

.data           memory region -> DMI_DSPR
                0x00000000d0000000      0x858 load address 0x000000008000a530
                0x00000000d0000000                PROVIDE (__data_start, .)
 *(.data)
 .data          0x00000000d0000000        0x8 src/Drivers/gpt12.o
 .data          0x00000000d0000008        0x8 src/main.o
                0x00000000d0000008                top
 .data          0x00000000d0000010        0x8 c:/hightec/toolchains/tricore/v4.9.3.0-infineon-1.0/bin/../lib/gcc/tricore/4.9.4/../../../../tricore/lib/tc161/short-double\libc.a(lib_a-ctype_.o)
                0x00000000d0000010                __ctype_ptr__
 .data          0x00000000d0000018      0x428 c:/hightec/toolchains/tricore/v4.9.3.0-infineon-1.0/bin/../lib/gcc/tricore/4.9.4/../../../../tricore/lib/tc161/short-double\libc.a(lib_a-impure.o)
                0x00000000d0000018                _impure_ptr
 .data          0x00000000d0000440      0x410 c:/hightec/toolchains/tricore/v4.9.3.0-infineon-1.0/bin/../lib/gcc/tricore/4.9.4/../../../../tricore/lib/tc161/short-double\libc.a(lib_a-mallocr.o)
                0x00000000d0000440                __malloc_sbrk_base
                0x00000000d0000444                __malloc_trim_threshold
                0x00000000d0000448                __malloc_av_
 .data          0x00000000d0000850        0x8 c:/hightec/toolchains/tricore/v4.9.3.0-infineon-1.0/bin/../lib/gcc/tricore/4.9.4/../../../../tricore/lib/tc161/short-double\libos.a(libos_sbrk.o)
 *(.data*)
 *(.gnu.linkonce.d.*)
                0x00000000d0000858                PROVIDE (__data_end, .)
                0x00000000d0000858                . = ALIGN (0x8)

.jcr            memory region -> PMI_PSPR
                0x00000000c0000000        0x0
 .jcr           0x00000000c0000000        0x0 c:/hightec/toolchains/tricore/v4.9.3.0-infineon-1.0/bin/../lib/gcc/tricore/4.9.4/tc161/short-double/crtbegin.o

.tm_clone_table memory region -> PMI_PSPR
                0x00000000c0000000        0x0
 .tm_clone_table
                0x00000000c0000000        0x0 c:/hightec/toolchains/tricore/v4.9.3.0-infineon-1.0/bin/../lib/gcc/tricore/4.9.4/tc161/short-double/crtbegin.o
 .tm_clone_table
                0x00000000c0000000        0x0 c:/hightec/toolchains/tricore/v4.9.3.0-infineon-1.0/bin/../lib/gcc/tricore/4.9.4/tc161/short-double/crtend.o

.bss            memory region -> DMI_DSPR
                0x00000000d0000858     0xa550 load address 0x000000008000ad88
                0x00000000d0000858                PROVIDE (__bss_start, .)
 *(.bss)
 .bss           0x00000000d0000858        0x8 c:/hightec/toolchains/tricore/v4.9.3.0-infineon-1.0/bin/../lib/gcc/tricore/4.9.4/tc161/short-double/crtbegin.o
 .bss           0x00000000d0000860        0x8 src/Drivers/gpt12.o
 .bss           0x00000000d0000868        0x8 src/Sensors/Buzzer.o
                0x00000000d0000868                beepCnt
                0x00000000d000086c                beepOnOff
 .bss           0x00000000d0000870       0x28 src/Sensors/ToF.o
 .bss           0x00000000d0000898       0x58 src/Sensors/Ultrasonic.o
 .bss           0x00000000d00008f0     0x9c48 src/main.o
                0x00000000d00008f0                my_stack
 .bss           0x00000000d000a538       0x38 c:/hightec/toolchains/tricore/v4.9.3.0-infineon-1.0/bin/../lib/gcc/tricore/4.9.4/../../../../tricore/lib/tc161/short-double\libc.a(lib_a-mallocr.o)
                0x00000000d000a538                __malloc_current_mallinfo
                0x00000000d000a560                __malloc_max_total_mem
                0x00000000d000a564                __malloc_max_sbrked_mem
                0x00000000d000a568                __malloc_top_pad
 .bss           0x00000000d000a570        0x8 c:/hightec/toolchains/tricore/v4.9.3.0-infineon-1.0/bin/../lib/gcc/tricore/4.9.4/../../../../tricore/lib/tc161/short-double\libc.a(lib_a-reent.o)
                0x00000000d000a570                errno
 .bss           0x00000000d000a578      0x828 c:/hightec/toolchains/tricore/v4.9.3.0-infineon-1.0/bin/../lib/gcc/tricore/4.9.4/../../../../tricore/lib/tc161/short-double\libos.a(cint.o)
                0x00000000d000a578                Cdisptab
                0x00000000d000ad78                Tdisptab
 .bss           0x00000000d000ada0        0x8 c:/hightec/toolchains/tricore/v4.9.3.0-infineon-1.0/bin/../lib/gcc/tricore/4.9.4/../../../../tricore/lib/tc161/short-double\libos.a(libos.o)
                0x00000000d000ada0                _my_errno
 *(.bss*)
 *(.gnu.linkonce.b.*)
                0x00000000d000ada8                PROVIDE (__bss_end, .)
                0x00000000d000ada8                . = ALIGN (0x8)

.pcptext        memory region -> PMU_PFLASH0
                0x000000008000ad88        0x0
                0x000000008000ad88                PROVIDE (__pcptext_start, .)
                0x000000008000ad88                PROVIDE (__pcptext_end, .)
                0x000000008000ad88                . = ALIGN (0x8)

.pcpdata        memory region -> PMU_PFLASH0
                0x000000008000ad88        0x0
                0x000000008000ad88                PROVIDE (__pcpdata_start, .)
                0x000000008000ad88                PROVIDE (__pcpdata_end, .)
                0x000000008000ad88                . = ALIGN (0x8)

.ctors          memory region -> PMU_PFLASH0
                0x000000008000ad88       0x18
                0x000000008000ad88                __CTOR_LIST__ = .
                0x000000008000ad88        0x4 LONG 0x3 (((__CTOR_END__ - __CTOR_LIST__) / 0x4) - 0x2)
 *crtbegin.o(.ctors)
 .ctors         0x000000008000ad8c        0x4 c:/hightec/toolchains/tricore/v4.9.3.0-infineon-1.0/bin/../lib/gcc/tricore/4.9.4/tc161/short-double/crtbegin.o
 *(EXCLUDE_FILE(*crtend.o) .ctors)
 .ctors         0x000000008000ad90        0x4 c:/hightec/toolchains/tricore/v4.9.3.0-infineon-1.0/bin/../lib/gcc/tricore/4.9.4/../../../../tricore/lib/tc161/short-double\libos.a(cint.o)
 *(SORT(.ctors.*))
 *(.ctors)
 .ctors         0x000000008000ad94        0x4 c:/hightec/toolchains/tricore/v4.9.3.0-infineon-1.0/bin/../lib/gcc/tricore/4.9.4/tc161/short-double/crtend.o
                0x000000008000ad98        0x4 LONG 0x0
                0x000000008000ad9c                __CTOR_END__ = .
                0x000000008000ada0                . = ALIGN (0x8)
 *fill*         0x000000008000ad9c        0x4 00

.dtors          memory region -> PMU_PFLASH0
                0x000000008000ada0       0x10
                0x000000008000ada0                __DTOR_LIST__ = .
                0x000000008000ada0        0x4 LONG 0x2 (((__DTOR_END__ - __DTOR_LIST__) / 0x4) - 0x2)
 *crtbegin.o(.dtors)
 .dtors         0x000000008000ada4        0x4 c:/hightec/toolchains/tricore/v4.9.3.0-infineon-1.0/bin/../lib/gcc/tricore/4.9.4/tc161/short-double/crtbegin.o
 *(EXCLUDE_FILE(*crtend.o) .dtors)
 *(SORT(.dtors.*))
 *(.dtors)
 .dtors         0x000000008000ada8        0x4 c:/hightec/toolchains/tricore/v4.9.3.0-infineon-1.0/bin/../lib/gcc/tricore/4.9.4/tc161/short-double/crtend.o
                0x000000008000adac        0x4 LONG 0x0
                0x000000008000adb0                __DTOR_END__ = .
                0x000000008000adb0                . = ALIGN (0x8)

.clear_sec      memory region -> PMU_PFLASH0
                0x000000008000adb0       0x28
                0x000000008000adb0                . = ALIGN (0x8)
                0x000000008000adb0                PROVIDE (__clear_table, .)
                0x000000008000adb0        0x4 LONG 0xd0000858 (0x0 + ADDR (.bss))
                0x000000008000adb4        0x4 LONG 0xa550 SIZEOF (.bss)
                0x000000008000adb8        0x4 LONG 0xd0000000 (0x0 + ADDR (.sbss))
                0x000000008000adbc        0x4 LONG 0x0 SIZEOF (.sbss)
                0x000000008000adc0        0x4 LONG 0xd0000000 (0x0 + ADDR (.zbss))
                0x000000008000adc4        0x4 LONG 0x0 SIZEOF (.zbss)
                0x000000008000adc8        0x4 LONG 0xd0000000 (0x0 + ADDR (.bbss))
                0x000000008000adcc        0x4 LONG 0x0 SIZEOF (.bbss)
                0x000000008000add0        0x4 LONG 0xffffffffffffffff
                0x000000008000add4        0x4 LONG 0xffffffffffffffff

.copy_sec       memory region -> PMU_PFLASH0
                0x000000008000add8       0x3c
                0x000000008000add8                . = ALIGN (0x8)
                0x000000008000add8                PROVIDE (__copy_table, .)
                0x000000008000add8        0x4 LONG 0x8000a530 LOADADDR (.data)
                0x000000008000addc        0x4 LONG 0xd0000000 (0x0 + ADDR (.data))
                0x000000008000ade0        0x4 LONG 0x858 SIZEOF (.data)
                0x000000008000ade4        0x4 LONG 0x8000a000 LOADADDR (.sdata)
                0x000000008000ade8        0x4 LONG 0xd0000000 (0x0 + ADDR (.sdata))
                0x000000008000adec        0x4 LONG 0x0 SIZEOF (.sdata)
                0x000000008000adf0        0x4 LONG 0x8000a000 LOADADDR (.zdata)
                0x000000008000adf4        0x4 LONG 0xd0000000 (0x0 + ADDR (.zdata))
                0x000000008000adf8        0x4 LONG 0x0 SIZEOF (.zdata)
                0x000000008000adfc        0x4 LONG 0x8000a000 LOADADDR (.bdata)
                0x000000008000ae00        0x4 LONG 0xd0000000 (0x0 + ADDR (.bdata))
                0x000000008000ae04        0x4 LONG 0x0 SIZEOF (.bdata)
                0x000000008000ae08        0x4 LONG 0xffffffffffffffff
                0x000000008000ae0c        0x4 LONG 0xffffffffffffffff
                0x000000008000ae10        0x4 LONG 0xffffffffffffffff

.ustack         memory region -> DMI_DSPR
                0x00000000d000ada8     0x1000
                0x00000000d000ada8                . = ALIGN (0x8)
                0x00000000d000ada8                __USTACK_BEGIN = .
                0x00000000d000bda8                . = (. + __USTACK_SIZE)
 *fill*         0x00000000d000ada8     0x1000 00
                0x00000000d000bda8                . = ALIGN (0x8)
                0x00000000d000bda8                __USTACK = .
                0x00000000d000bda8                __USTACK_END = .

.istack         memory region -> DMI_DSPR
                0x00000000d000bda8      0x400
                0x00000000d000bda8                . = ALIGN (0x8)
                0x00000000d000bda8                __ISTACK_BEGIN = .
                0x00000000d000c1a8                . = (. + __ISTACK_SIZE)
 *fill*         0x00000000d000bda8      0x400 00
                0x00000000d000c1a8                . = ALIGN (0x8)
                0x00000000d000c1a8                __ISTACK = .
                0x00000000d000c1a8                __ISTACK_END = .

.heap           memory region -> DMI_DSPR
                0x00000000d000c1a8     0x1000
                0x00000000d000c1a8                . = ALIGN (0x8)
                0x00000000d000c1a8                __HEAP_BEGIN = .
                0x00000000d000c1a8                __HEAP = .
                0x00000000d000d1a8                . = (. + __HEAP_SIZE)
 *fill*         0x00000000d000c1a8     0x1000 00
                0x00000000d000d1a8                . = ALIGN (0x8)
                0x00000000d000d1a8                __HEAP_END = .

.csa            memory region -> DMI_DSPR
                0x00000000d000d1a8     0x4018
                0x00000000d000d1c0                . = ALIGN (0x40)
 *fill*         0x00000000d000d1a8       0x18 00
                0x00000000d000d1c0                __CSA_BEGIN = .
                0x00000000d000d1c0                __CSA = .
                0x00000000d00111c0                . = (. + __CSA_SIZE)
 *fill*         0x00000000d000d1c0     0x4000 00
                0x00000000d00111c0                . = ALIGN (0x40)
                0x00000000d00111c0                __CSA_END = .
OUTPUT(TC275_BaseProject.elf elf32-tricore)

.version_info   memory region -> *default*
                0x0000000000000000    0x45e6f
 .version_info  0x0000000000000000     0x1977 c:/hightec/toolchains/tricore/v4.9.3.0-infineon-1.0/bin/../lib/gcc/tricore/4.9.4/tc161/short-double/crtbegin.o
 .version_info  0x0000000000001977      0x909 src/Drivers/asclin.o
 .version_info  0x0000000000002280      0x8ee src/Drivers/can.o
 .version_info  0x0000000000002b6e      0x900 src/Drivers/gpt12.o
 .version_info  0x000000000000346e      0x8f7 src/Drivers/vadc.o
 .version_info  0x0000000000003d65      0x924 src/Sensors/Bluetooth.o
 .version_info  0x0000000000004689      0x909 src/Sensors/Buzzer.o
 .version_info  0x0000000000004f92      0x8f7 src/Sensors/GPIO.o
 .version_info  0x0000000000005889      0x900 src/Sensors/Motor.o
 .version_info  0x0000000000006189      0x8ee src/Sensors/ToF.o
 .version_info  0x0000000000006a77      0x92d src/Sensors/Ultrasonic.o
 .version_info  0x00000000000073a4      0x8e5 src/interrupts.o
 .version_info  0x0000000000007c89      0x8af src/main.o
 .version_info  0x0000000000008538      0x8f7 src/system_tc27x.o
 .version_info  0x0000000000008e2f     0x1702 c:/hightec/toolchains/tricore/v4.9.3.0-infineon-1.0/bin/../lib/gcc/tricore/4.9.4/../../../../tricore/lib/tc161/short-double\libc.a(lib_a-atoi.o)
 .version_info  0x000000000000a531     0x170a c:/hightec/toolchains/tricore/v4.9.3.0-infineon-1.0/bin/../lib/gcc/tricore/4.9.4/../../../../tricore/lib/tc161/short-double\libc.a(lib_a-sprintf.o)
 .version_info  0x000000000000bc3b     0x170a c:/hightec/toolchains/tricore/v4.9.3.0-infineon-1.0/bin/../lib/gcc/tricore/4.9.4/../../../../tricore/lib/tc161/short-double\libc.a(lib_a-strchr.o)
 .version_info  0x000000000000d345     0x170a c:/hightec/toolchains/tricore/v4.9.3.0-infineon-1.0/bin/../lib/gcc/tricore/4.9.4/../../../../tricore/lib/tc161/short-double\libc.a(lib_a-strcmp.o)
 .version_info  0x000000000000ea4f     0x170a c:/hightec/toolchains/tricore/v4.9.3.0-infineon-1.0/bin/../lib/gcc/tricore/4.9.4/../../../../tricore/lib/tc161/short-double\libc.a(lib_a-strcpy.o)
 .version_info  0x0000000000010159     0x170a c:/hightec/toolchains/tricore/v4.9.3.0-infineon-1.0/bin/../lib/gcc/tricore/4.9.4/../../../../tricore/lib/tc161/short-double\libc.a(lib_a-strlen.o)
 .version_info  0x0000000000011863     0x170a c:/hightec/toolchains/tricore/v4.9.3.0-infineon-1.0/bin/../lib/gcc/tricore/4.9.4/../../../../tricore/lib/tc161/short-double\libc.a(lib_a-strtol.o)
 .version_info  0x0000000000012f6d     0x1749 c:/hightec/toolchains/tricore/v4.9.3.0-infineon-1.0/bin/../lib/gcc/tricore/4.9.4/../../../../tricore/lib/tc161/short-double\libc.a(lib_a-svfprintf.o)
 .version_info  0x00000000000146b6     0x170e c:/hightec/toolchains/tricore/v4.9.3.0-infineon-1.0/bin/../lib/gcc/tricore/4.9.4/../../../../tricore/lib/tc161/short-double\libc.a(lib_a-vsprintf.o)
 .version_info  0x0000000000015dc4     0x1706 c:/hightec/toolchains/tricore/v4.9.3.0-infineon-1.0/bin/../lib/gcc/tricore/4.9.4/../../../../tricore/lib/tc161/short-double\libc.a(lib_a-ctype_.o)
 .version_info  0x00000000000174ca     0x1702 c:/hightec/toolchains/tricore/v4.9.3.0-infineon-1.0/bin/../lib/gcc/tricore/4.9.4/../../../../tricore/lib/tc161/short-double\libc.a(lib_a-dtoa.o)
 .version_info  0x0000000000018bcc     0x1706 c:/hightec/toolchains/tricore/v4.9.3.0-infineon-1.0/bin/../lib/gcc/tricore/4.9.4/../../../../tricore/lib/tc161/short-double\libc.a(lib_a-impure.o)
 .version_info  0x000000000001a2d2     0x170a c:/hightec/toolchains/tricore/v4.9.3.0-infineon-1.0/bin/../lib/gcc/tricore/4.9.4/../../../../tricore/lib/tc161/short-double\libc.a(lib_a-locale.o)
 .version_info  0x000000000001b9dc     0x1754 c:/hightec/toolchains/tricore/v4.9.3.0-infineon-1.0/bin/../lib/gcc/tricore/4.9.4/../../../../tricore/lib/tc161/short-double\libc.a(lib_a-mallocr.o)
 .version_info  0x000000000001d130     0x170a c:/hightec/toolchains/tricore/v4.9.3.0-infineon-1.0/bin/../lib/gcc/tricore/4.9.4/../../../../tricore/lib/tc161/short-double\libc.a(lib_a-memchr.o)
 .version_info  0x000000000001e83a     0x1706 c:/hightec/toolchains/tricore/v4.9.3.0-infineon-1.0/bin/../lib/gcc/tricore/4.9.4/../../../../tricore/lib/tc161/short-double\libc.a(lib_a-mlock.o)
 .version_info  0x000000000001ff40     0x1706 c:/hightec/toolchains/tricore/v4.9.3.0-infineon-1.0/bin/../lib/gcc/tricore/4.9.4/../../../../tricore/lib/tc161/short-double\libc.a(lib_a-mprec.o)
 .version_info  0x0000000000021646     0x1702 c:/hightec/toolchains/tricore/v4.9.3.0-infineon-1.0/bin/../lib/gcc/tricore/4.9.4/../../../../tricore/lib/tc161/short-double\libc.a(lib_a-sbrkr.o)
 .version_info  0x0000000000022d48     0x1726 c:/hightec/toolchains/tricore/v4.9.3.0-infineon-1.0/bin/../lib/gcc/tricore/4.9.4/../../../../tricore/lib/tc161/short-double\libc.a(lib_a-sf_fpclassify.o)
 .version_info  0x000000000002446e     0x176a c:/hightec/toolchains/tricore/v4.9.3.0-infineon-1.0/bin/../lib/gcc/tricore/4.9.4/../../../../tricore/lib/tc161/short-double\libc.a(lib_a-svfiprintf.o)
 .version_info  0x0000000000025bd8     0x1754 c:/hightec/toolchains/tricore/v4.9.3.0-infineon-1.0/bin/../lib/gcc/tricore/4.9.4/../../../../tricore/lib/tc161/short-double\libc.a(lib_a-callocr.o)
 .version_info  0x000000000002732c     0x174c c:/hightec/toolchains/tricore/v4.9.3.0-infineon-1.0/bin/../lib/gcc/tricore/4.9.4/../../../../tricore/lib/tc161/short-double\libc.a(lib_a-freer.o)
 .version_info  0x0000000000028a78     0x170e c:/hightec/toolchains/tricore/v4.9.3.0-infineon-1.0/bin/../lib/gcc/tricore/4.9.4/../../../../tricore/lib/tc161/short-double\libc.a(lib_a-memmove.o)
 .version_info  0x000000000002a186     0x1758 c:/hightec/toolchains/tricore/v4.9.3.0-infineon-1.0/bin/../lib/gcc/tricore/4.9.4/../../../../tricore/lib/tc161/short-double\libc.a(lib_a-reallocr.o)
 .version_info  0x000000000002b8de     0x1702 c:/hightec/toolchains/tricore/v4.9.3.0-infineon-1.0/bin/../lib/gcc/tricore/4.9.4/../../../../tricore/lib/tc161/short-double\libc.a(lib_a-reent.o)
 .version_info  0x000000000002cfe0     0x1370 c:/hightec/toolchains/tricore/v4.9.3.0-infineon-1.0/bin/../lib/gcc/tricore/4.9.4/../../../../tricore/lib/tc161/short-double\libos.a(cint.o)
 .version_info  0x000000000002e350     0x1347 c:/hightec/toolchains/tricore/v4.9.3.0-infineon-1.0/bin/../lib/gcc/tricore/4.9.4/../../../../tricore/lib/tc161/short-double\libos.a(ctraptab.o)
 .version_info  0x000000000002f697     0x1343 c:/hightec/toolchains/tricore/v4.9.3.0-infineon-1.0/bin/../lib/gcc/tricore/4.9.4/../../../../tricore/lib/tc161/short-double\libos.a(cinttab.o)
 .version_info  0x00000000000309da     0x1378 c:/hightec/toolchains/tricore/v4.9.3.0-infineon-1.0/bin/../lib/gcc/tricore/4.9.4/../../../../tricore/lib/tc161/short-double\libos.a(wdtcon.o)
 .version_info  0x0000000000031d52     0x1388 c:/hightec/toolchains/tricore/v4.9.3.0-infineon-1.0/bin/../lib/gcc/tricore/4.9.4/../../../../tricore/lib/tc161/short-double\libos.a(libos_exit.o)
 .version_info  0x00000000000330da     0x1388 c:/hightec/toolchains/tricore/v4.9.3.0-infineon-1.0/bin/../lib/gcc/tricore/4.9.4/../../../../tricore/lib/tc161/short-double\libos.a(libos_sbrk.o)
 .version_info  0x0000000000034462     0x1370 c:/hightec/toolchains/tricore/v4.9.3.0-infineon-1.0/bin/../lib/gcc/tricore/4.9.4/../../../../tricore/lib/tc161/short-double\libos.a(int1.o)
 .version_info  0x00000000000357d2     0x1374 c:/hightec/toolchains/tricore/v4.9.3.0-infineon-1.0/bin/../lib/gcc/tricore/4.9.4/../../../../tricore/lib/tc161/short-double\libos.a(libos.o)
 .version_info  0x0000000000036b46     0x1374 c:/hightec/toolchains/tricore/v4.9.3.0-infineon-1.0/bin/../lib/gcc/tricore/4.9.4/../../../../tricore/lib/tc161/short-double\libos.a(trap6.o)
 .version_info  0x0000000000037eba     0x138c c:/hightec/toolchains/tricore/v4.9.3.0-infineon-1.0/bin/../lib/gcc/tricore/4.9.4/../../../../tricore/lib/tc161/short-double\libos.a(libos_abort.o)
 .version_info  0x0000000000039246     0x199c c:/hightec/toolchains/tricore/v4.9.3.0-infineon-1.0/bin/../lib/gcc/tricore/4.9.4/tc161/short-double\libgcc.a(_df_to_sf.o)
 .version_info  0x000000000003abe2     0x1966 c:/hightec/toolchains/tricore/v4.9.3.0-infineon-1.0/bin/../lib/gcc/tricore/4.9.4/tc161/short-double\libgcc.a(udivdi3.o)
 .version_info  0x000000000003c548     0x1966 c:/hightec/toolchains/tricore/v4.9.3.0-infineon-1.0/bin/../lib/gcc/tricore/4.9.4/tc161/short-double\libgcc.a(umoddi3.o)
 .version_info  0x000000000003deae     0x19a4 c:/hightec/toolchains/tricore/v4.9.3.0-infineon-1.0/bin/../lib/gcc/tricore/4.9.4/tc161/short-double\libgcc.a(_make_sf.o)
 .version_info  0x000000000003f852     0x19a5 c:/hightec/toolchains/tricore/v4.9.3.0-infineon-1.0/bin/../lib/gcc/tricore/4.9.4/tc161/short-double\libgcc.a(_unpack_df.o)
 .version_info  0x00000000000411f7     0x196f c:/hightec/toolchains/tricore/v4.9.3.0-infineon-1.0/bin/../lib/gcc/tricore/4.9.4/tc161/short-double\libgcc.a(udiv6432.o)
 .version_info  0x0000000000042b66     0x19a4 c:/hightec/toolchains/tricore/v4.9.3.0-infineon-1.0/bin/../lib/gcc/tricore/4.9.4/tc161/short-double\libgcc.a(_pack_sf.o)
 .version_info  0x000000000004450a     0x1965 c:/hightec/toolchains/tricore/v4.9.3.0-infineon-1.0/bin/../lib/gcc/tricore/4.9.4/tc161/short-double/crtend.o

.comment        memory region -> *default*
                0x0000000000000000       0x53
 .comment       0x0000000000000000       0x53 c:/hightec/toolchains/tricore/v4.9.3.0-infineon-1.0/bin/../lib/gcc/tricore/4.9.4/tc161/short-double/crtbegin.o
                                         0x54 (size before relaxing)
 .comment       0x0000000000000000       0x54 src/Drivers/asclin.o
 .comment       0x0000000000000000       0x54 src/Drivers/can.o
 .comment       0x0000000000000000       0x54 src/Drivers/gpt12.o
 .comment       0x0000000000000000       0x54 src/Drivers/vadc.o
 .comment       0x0000000000000000       0x54 src/Sensors/Bluetooth.o
 .comment       0x0000000000000000       0x54 src/Sensors/Buzzer.o
 .comment       0x0000000000000000       0x54 src/Sensors/GPIO.o
 .comment       0x0000000000000000       0x54 src/Sensors/Motor.o
 .comment       0x0000000000000000       0x54 src/Sensors/ToF.o
 .comment       0x0000000000000000       0x54 src/Sensors/Ultrasonic.o
 .comment       0x0000000000000000       0x54 src/interrupts.o
 .comment       0x0000000000000000       0x54 src/main.o
 .comment       0x0000000000000000       0x54 src/system_tc27x.o
 .comment       0x0000000000000000       0x54 c:/hightec/toolchains/tricore/v4.9.3.0-infineon-1.0/bin/../lib/gcc/tricore/4.9.4/../../../../tricore/lib/tc161/short-double\libc.a(lib_a-atoi.o)
 .comment       0x0000000000000000       0x54 c:/hightec/toolchains/tricore/v4.9.3.0-infineon-1.0/bin/../lib/gcc/tricore/4.9.4/../../../../tricore/lib/tc161/short-double\libc.a(lib_a-sprintf.o)
 .comment       0x0000000000000000       0x54 c:/hightec/toolchains/tricore/v4.9.3.0-infineon-1.0/bin/../lib/gcc/tricore/4.9.4/../../../../tricore/lib/tc161/short-double\libc.a(lib_a-strchr.o)
 .comment       0x0000000000000000       0x54 c:/hightec/toolchains/tricore/v4.9.3.0-infineon-1.0/bin/../lib/gcc/tricore/4.9.4/../../../../tricore/lib/tc161/short-double\libc.a(lib_a-strcmp.o)
 .comment       0x0000000000000000       0x54 c:/hightec/toolchains/tricore/v4.9.3.0-infineon-1.0/bin/../lib/gcc/tricore/4.9.4/../../../../tricore/lib/tc161/short-double\libc.a(lib_a-strcpy.o)
 .comment       0x0000000000000000       0x54 c:/hightec/toolchains/tricore/v4.9.3.0-infineon-1.0/bin/../lib/gcc/tricore/4.9.4/../../../../tricore/lib/tc161/short-double\libc.a(lib_a-strlen.o)
 .comment       0x0000000000000000       0x54 c:/hightec/toolchains/tricore/v4.9.3.0-infineon-1.0/bin/../lib/gcc/tricore/4.9.4/../../../../tricore/lib/tc161/short-double\libc.a(lib_a-strtol.o)
 .comment       0x0000000000000000       0x54 c:/hightec/toolchains/tricore/v4.9.3.0-infineon-1.0/bin/../lib/gcc/tricore/4.9.4/../../../../tricore/lib/tc161/short-double\libc.a(lib_a-svfprintf.o)
 .comment       0x0000000000000000       0x54 c:/hightec/toolchains/tricore/v4.9.3.0-infineon-1.0/bin/../lib/gcc/tricore/4.9.4/../../../../tricore/lib/tc161/short-double\libc.a(lib_a-vsprintf.o)
 .comment       0x0000000000000000       0x54 c:/hightec/toolchains/tricore/v4.9.3.0-infineon-1.0/bin/../lib/gcc/tricore/4.9.4/../../../../tricore/lib/tc161/short-double\libc.a(lib_a-ctype_.o)
 .comment       0x0000000000000000       0x54 c:/hightec/toolchains/tricore/v4.9.3.0-infineon-1.0/bin/../lib/gcc/tricore/4.9.4/../../../../tricore/lib/tc161/short-double\libc.a(lib_a-dtoa.o)
 .comment       0x0000000000000000       0x54 c:/hightec/toolchains/tricore/v4.9.3.0-infineon-1.0/bin/../lib/gcc/tricore/4.9.4/../../../../tricore/lib/tc161/short-double\libc.a(lib_a-impure.o)
 .comment       0x0000000000000000       0x54 c:/hightec/toolchains/tricore/v4.9.3.0-infineon-1.0/bin/../lib/gcc/tricore/4.9.4/../../../../tricore/lib/tc161/short-double\libc.a(lib_a-locale.o)
 .comment       0x0000000000000000       0x54 c:/hightec/toolchains/tricore/v4.9.3.0-infineon-1.0/bin/../lib/gcc/tricore/4.9.4/../../../../tricore/lib/tc161/short-double\libc.a(lib_a-mallocr.o)
 .comment       0x0000000000000000       0x54 c:/hightec/toolchains/tricore/v4.9.3.0-infineon-1.0/bin/../lib/gcc/tricore/4.9.4/../../../../tricore/lib/tc161/short-double\libc.a(lib_a-memchr.o)
 .comment       0x0000000000000000       0x54 c:/hightec/toolchains/tricore/v4.9.3.0-infineon-1.0/bin/../lib/gcc/tricore/4.9.4/../../../../tricore/lib/tc161/short-double\libc.a(lib_a-mlock.o)
 .comment       0x0000000000000000       0x54 c:/hightec/toolchains/tricore/v4.9.3.0-infineon-1.0/bin/../lib/gcc/tricore/4.9.4/../../../../tricore/lib/tc161/short-double\libc.a(lib_a-mprec.o)
 .comment       0x0000000000000000       0x54 c:/hightec/toolchains/tricore/v4.9.3.0-infineon-1.0/bin/../lib/gcc/tricore/4.9.4/../../../../tricore/lib/tc161/short-double\libc.a(lib_a-sbrkr.o)
 .comment       0x0000000000000000       0x54 c:/hightec/toolchains/tricore/v4.9.3.0-infineon-1.0/bin/../lib/gcc/tricore/4.9.4/../../../../tricore/lib/tc161/short-double\libc.a(lib_a-sf_fpclassify.o)
 .comment       0x0000000000000000       0x54 c:/hightec/toolchains/tricore/v4.9.3.0-infineon-1.0/bin/../lib/gcc/tricore/4.9.4/../../../../tricore/lib/tc161/short-double\libc.a(lib_a-svfiprintf.o)
 .comment       0x0000000000000000       0x54 c:/hightec/toolchains/tricore/v4.9.3.0-infineon-1.0/bin/../lib/gcc/tricore/4.9.4/../../../../tricore/lib/tc161/short-double\libc.a(lib_a-callocr.o)
 .comment       0x0000000000000000       0x54 c:/hightec/toolchains/tricore/v4.9.3.0-infineon-1.0/bin/../lib/gcc/tricore/4.9.4/../../../../tricore/lib/tc161/short-double\libc.a(lib_a-freer.o)
 .comment       0x0000000000000000       0x54 c:/hightec/toolchains/tricore/v4.9.3.0-infineon-1.0/bin/../lib/gcc/tricore/4.9.4/../../../../tricore/lib/tc161/short-double\libc.a(lib_a-memmove.o)
 .comment       0x0000000000000000       0x54 c:/hightec/toolchains/tricore/v4.9.3.0-infineon-1.0/bin/../lib/gcc/tricore/4.9.4/../../../../tricore/lib/tc161/short-double\libc.a(lib_a-reallocr.o)
 .comment       0x0000000000000000       0x54 c:/hightec/toolchains/tricore/v4.9.3.0-infineon-1.0/bin/../lib/gcc/tricore/4.9.4/../../../../tricore/lib/tc161/short-double\libc.a(lib_a-reent.o)
 .comment       0x0000000000000000       0x54 c:/hightec/toolchains/tricore/v4.9.3.0-infineon-1.0/bin/../lib/gcc/tricore/4.9.4/../../../../tricore/lib/tc161/short-double\libos.a(cint.o)
 .comment       0x0000000000000000       0x54 c:/hightec/toolchains/tricore/v4.9.3.0-infineon-1.0/bin/../lib/gcc/tricore/4.9.4/../../../../tricore/lib/tc161/short-double\libos.a(ctraptab.o)
 .comment       0x0000000000000000       0x54 c:/hightec/toolchains/tricore/v4.9.3.0-infineon-1.0/bin/../lib/gcc/tricore/4.9.4/../../../../tricore/lib/tc161/short-double\libos.a(cinttab.o)
 .comment       0x0000000000000000       0x54 c:/hightec/toolchains/tricore/v4.9.3.0-infineon-1.0/bin/../lib/gcc/tricore/4.9.4/../../../../tricore/lib/tc161/short-double\libos.a(wdtcon.o)
 .comment       0x0000000000000000       0x54 c:/hightec/toolchains/tricore/v4.9.3.0-infineon-1.0/bin/../lib/gcc/tricore/4.9.4/../../../../tricore/lib/tc161/short-double\libos.a(libos_exit.o)
 .comment       0x0000000000000000       0x54 c:/hightec/toolchains/tricore/v4.9.3.0-infineon-1.0/bin/../lib/gcc/tricore/4.9.4/../../../../tricore/lib/tc161/short-double\libos.a(libos_sbrk.o)
 .comment       0x0000000000000000       0x54 c:/hightec/toolchains/tricore/v4.9.3.0-infineon-1.0/bin/../lib/gcc/tricore/4.9.4/../../../../tricore/lib/tc161/short-double\libos.a(int1.o)
 .comment       0x0000000000000000       0x54 c:/hightec/toolchains/tricore/v4.9.3.0-infineon-1.0/bin/../lib/gcc/tricore/4.9.4/../../../../tricore/lib/tc161/short-double\libos.a(libos.o)
 .comment       0x0000000000000000       0x54 c:/hightec/toolchains/tricore/v4.9.3.0-infineon-1.0/bin/../lib/gcc/tricore/4.9.4/../../../../tricore/lib/tc161/short-double\libos.a(trap6.o)
 .comment       0x0000000000000000       0x54 c:/hightec/toolchains/tricore/v4.9.3.0-infineon-1.0/bin/../lib/gcc/tricore/4.9.4/../../../../tricore/lib/tc161/short-double\libos.a(libos_abort.o)
 .comment       0x0000000000000000       0x54 c:/hightec/toolchains/tricore/v4.9.3.0-infineon-1.0/bin/../lib/gcc/tricore/4.9.4/tc161/short-double\libgcc.a(_df_to_sf.o)
 .comment       0x0000000000000000       0x54 c:/hightec/toolchains/tricore/v4.9.3.0-infineon-1.0/bin/../lib/gcc/tricore/4.9.4/tc161/short-double\libgcc.a(udivdi3.o)
 .comment       0x0000000000000000       0x54 c:/hightec/toolchains/tricore/v4.9.3.0-infineon-1.0/bin/../lib/gcc/tricore/4.9.4/tc161/short-double\libgcc.a(umoddi3.o)
 .comment       0x0000000000000000       0x54 c:/hightec/toolchains/tricore/v4.9.3.0-infineon-1.0/bin/../lib/gcc/tricore/4.9.4/tc161/short-double\libgcc.a(_make_sf.o)
 .comment       0x0000000000000000       0x54 c:/hightec/toolchains/tricore/v4.9.3.0-infineon-1.0/bin/../lib/gcc/tricore/4.9.4/tc161/short-double\libgcc.a(_unpack_df.o)
 .comment       0x0000000000000000       0x54 c:/hightec/toolchains/tricore/v4.9.3.0-infineon-1.0/bin/../lib/gcc/tricore/4.9.4/tc161/short-double\libgcc.a(udiv6432.o)
 .comment       0x0000000000000000       0x54 c:/hightec/toolchains/tricore/v4.9.3.0-infineon-1.0/bin/../lib/gcc/tricore/4.9.4/tc161/short-double\libgcc.a(_pack_sf.o)
 .comment       0x0000000000000000       0x54 c:/hightec/toolchains/tricore/v4.9.3.0-infineon-1.0/bin/../lib/gcc/tricore/4.9.4/tc161/short-double/crtend.o

.debug_frame    memory region -> *default*
                0x0000000000000000     0x1398
 .debug_frame   0x0000000000000000      0x1c0 src/Drivers/asclin.o
 .debug_frame   0x00000000000001c0       0x88 src/Drivers/can.o
 .debug_frame   0x0000000000000248      0x1c0 src/Drivers/gpt12.o
 .debug_frame   0x0000000000000408       0x58 src/Drivers/vadc.o
 .debug_frame   0x0000000000000460       0xb8 src/Sensors/Bluetooth.o
 .debug_frame   0x0000000000000518       0x70 src/Sensors/Buzzer.o
 .debug_frame   0x0000000000000588       0x88 src/Sensors/GPIO.o
 .debug_frame   0x0000000000000610       0xb8 src/Sensors/Motor.o
 .debug_frame   0x00000000000006c8       0x88 src/Sensors/ToF.o
 .debug_frame   0x0000000000000750       0xb8 src/Sensors/Ultrasonic.o
 .debug_frame   0x0000000000000808       0x40 src/interrupts.o
 .debug_frame   0x0000000000000848       0x58 src/main.o
 .debug_frame   0x00000000000008a0      0x280 src/system_tc27x.o
 .debug_frame   0x0000000000000b20       0x30 c:/hightec/toolchains/tricore/v4.9.3.0-infineon-1.0/bin/../lib/gcc/tricore/4.9.4/../../../../tricore/lib/tc161/short-double\libc.a(lib_a-atoi.o)
 .debug_frame   0x0000000000000b50       0x40 c:/hightec/toolchains/tricore/v4.9.3.0-infineon-1.0/bin/../lib/gcc/tricore/4.9.4/../../../../tricore/lib/tc161/short-double\libc.a(lib_a-sprintf.o)
 .debug_frame   0x0000000000000b90       0x20 c:/hightec/toolchains/tricore/v4.9.3.0-infineon-1.0/bin/../lib/gcc/tricore/4.9.4/../../../../tricore/lib/tc161/short-double\libc.a(lib_a-strchr.o)
 .debug_frame   0x0000000000000bb0       0x20 c:/hightec/toolchains/tricore/v4.9.3.0-infineon-1.0/bin/../lib/gcc/tricore/4.9.4/../../../../tricore/lib/tc161/short-double\libc.a(lib_a-strcmp.o)
 .debug_frame   0x0000000000000bd0       0x20 c:/hightec/toolchains/tricore/v4.9.3.0-infineon-1.0/bin/../lib/gcc/tricore/4.9.4/../../../../tricore/lib/tc161/short-double\libc.a(lib_a-strcpy.o)
 .debug_frame   0x0000000000000bf0       0x20 c:/hightec/toolchains/tricore/v4.9.3.0-infineon-1.0/bin/../lib/gcc/tricore/4.9.4/../../../../tricore/lib/tc161/short-double\libc.a(lib_a-strlen.o)
 .debug_frame   0x0000000000000c10       0x30 c:/hightec/toolchains/tricore/v4.9.3.0-infineon-1.0/bin/../lib/gcc/tricore/4.9.4/../../../../tricore/lib/tc161/short-double\libc.a(lib_a-strtol.o)
 .debug_frame   0x0000000000000c40       0x28 c:/hightec/toolchains/tricore/v4.9.3.0-infineon-1.0/bin/../lib/gcc/tricore/4.9.4/../../../../tricore/lib/tc161/short-double\libc.a(lib_a-svfprintf.o)
 .debug_frame   0x0000000000000c68       0x38 c:/hightec/toolchains/tricore/v4.9.3.0-infineon-1.0/bin/../lib/gcc/tricore/4.9.4/../../../../tricore/lib/tc161/short-double\libc.a(lib_a-vsprintf.o)
 .debug_frame   0x0000000000000ca0       0x38 c:/hightec/toolchains/tricore/v4.9.3.0-infineon-1.0/bin/../lib/gcc/tricore/4.9.4/../../../../tricore/lib/tc161/short-double\libc.a(lib_a-dtoa.o)
 .debug_frame   0x0000000000000cd8       0x80 c:/hightec/toolchains/tricore/v4.9.3.0-infineon-1.0/bin/../lib/gcc/tricore/4.9.4/../../../../tricore/lib/tc161/short-double\libc.a(lib_a-locale.o)
 .debug_frame   0x0000000000000d58       0x20 c:/hightec/toolchains/tricore/v4.9.3.0-infineon-1.0/bin/../lib/gcc/tricore/4.9.4/../../../../tricore/lib/tc161/short-double\libc.a(lib_a-mallocr.o)
 .debug_frame   0x0000000000000d78       0x20 c:/hightec/toolchains/tricore/v4.9.3.0-infineon-1.0/bin/../lib/gcc/tricore/4.9.4/../../../../tricore/lib/tc161/short-double\libc.a(lib_a-memchr.o)
 .debug_frame   0x0000000000000d98       0x30 c:/hightec/toolchains/tricore/v4.9.3.0-infineon-1.0/bin/../lib/gcc/tricore/4.9.4/../../../../tricore/lib/tc161/short-double\libc.a(lib_a-mlock.o)
 .debug_frame   0x0000000000000dc8      0x150 c:/hightec/toolchains/tricore/v4.9.3.0-infineon-1.0/bin/../lib/gcc/tricore/4.9.4/../../../../tricore/lib/tc161/short-double\libc.a(lib_a-mprec.o)
 .debug_frame   0x0000000000000f18       0x20 c:/hightec/toolchains/tricore/v4.9.3.0-infineon-1.0/bin/../lib/gcc/tricore/4.9.4/../../../../tricore/lib/tc161/short-double\libc.a(lib_a-sbrkr.o)
 .debug_frame   0x0000000000000f38       0x20 c:/hightec/toolchains/tricore/v4.9.3.0-infineon-1.0/bin/../lib/gcc/tricore/4.9.4/../../../../tricore/lib/tc161/short-double\libc.a(lib_a-sf_fpclassify.o)
 .debug_frame   0x0000000000000f58       0x40 c:/hightec/toolchains/tricore/v4.9.3.0-infineon-1.0/bin/../lib/gcc/tricore/4.9.4/../../../../tricore/lib/tc161/short-double\libc.a(lib_a-svfiprintf.o)
 .debug_frame   0x0000000000000f98       0x20 c:/hightec/toolchains/tricore/v4.9.3.0-infineon-1.0/bin/../lib/gcc/tricore/4.9.4/../../../../tricore/lib/tc161/short-double\libc.a(lib_a-callocr.o)
 .debug_frame   0x0000000000000fb8       0x30 c:/hightec/toolchains/tricore/v4.9.3.0-infineon-1.0/bin/../lib/gcc/tricore/4.9.4/../../../../tricore/lib/tc161/short-double\libc.a(lib_a-freer.o)
 .debug_frame   0x0000000000000fe8       0x20 c:/hightec/toolchains/tricore/v4.9.3.0-infineon-1.0/bin/../lib/gcc/tricore/4.9.4/../../../../tricore/lib/tc161/short-double\libc.a(lib_a-memmove.o)
 .debug_frame   0x0000000000001008       0x20 c:/hightec/toolchains/tricore/v4.9.3.0-infineon-1.0/bin/../lib/gcc/tricore/4.9.4/../../../../tricore/lib/tc161/short-double\libc.a(lib_a-reallocr.o)
 .debug_frame   0x0000000000001028       0x40 c:/hightec/toolchains/tricore/v4.9.3.0-infineon-1.0/bin/../lib/gcc/tricore/4.9.4/../../../../tricore/lib/tc161/short-double\libc.a(lib_a-reent.o)
 .debug_frame   0x0000000000001068       0xe0 c:/hightec/toolchains/tricore/v4.9.3.0-infineon-1.0/bin/../lib/gcc/tricore/4.9.4/../../../../tricore/lib/tc161/short-double\libos.a(cint.o)
 .debug_frame   0x0000000000001148       0x50 c:/hightec/toolchains/tricore/v4.9.3.0-infineon-1.0/bin/../lib/gcc/tricore/4.9.4/../../../../tricore/lib/tc161/short-double\libos.a(wdtcon.o)
 .debug_frame   0x0000000000001198       0x20 c:/hightec/toolchains/tricore/v4.9.3.0-infineon-1.0/bin/../lib/gcc/tricore/4.9.4/../../../../tricore/lib/tc161/short-double\libos.a(libos_exit.o)
 .debug_frame   0x00000000000011b8       0x20 c:/hightec/toolchains/tricore/v4.9.3.0-infineon-1.0/bin/../lib/gcc/tricore/4.9.4/../../../../tricore/lib/tc161/short-double\libos.a(libos_sbrk.o)
 .debug_frame   0x00000000000011d8       0xb0 c:/hightec/toolchains/tricore/v4.9.3.0-infineon-1.0/bin/../lib/gcc/tricore/4.9.4/../../../../tricore/lib/tc161/short-double\libos.a(libos.o)
 .debug_frame   0x0000000000001288       0x20 c:/hightec/toolchains/tricore/v4.9.3.0-infineon-1.0/bin/../lib/gcc/tricore/4.9.4/../../../../tricore/lib/tc161/short-double\libos.a(libos_abort.o)
 .debug_frame   0x00000000000012a8       0x28 c:/hightec/toolchains/tricore/v4.9.3.0-infineon-1.0/bin/../lib/gcc/tricore/4.9.4/tc161/short-double\libgcc.a(_df_to_sf.o)
 .debug_frame   0x00000000000012d0       0x20 c:/hightec/toolchains/tricore/v4.9.3.0-infineon-1.0/bin/../lib/gcc/tricore/4.9.4/tc161/short-double\libgcc.a(udivdi3.o)